=======================================================================================================
Note: "others" is the sum of unreported ops (block*() block-ret return graph graph-others )
=======================================================================================================
Logfile (ir counts)    aten::*    prim::*    fb::*    quantized::*    internal::*    caffe2::*    if    loop     call    setattr    getattr    all [others]
---------------------  ---------  ---------  -------  --------------  -------------  -----------  ----  -------  ------  ---------  ---------  --------------
graph_1.txt            164 (40%)  205 (50%)  -        29 ( 7%)        -              -            -     2 ( 0%)  -       -          113 (28%)  406 [7]
-------------------------------------------------------------------------------------------------------

Detailed op stats for [graph_1.txt]
    - "prim::If": 0 found
    - "prim::CallMethod": 0 found
    - "prim::Loop": 1 distinct sources (source:line [count])
        + /tmp/par_unpack.206143.eba0eb54dfdc343b0a16430a4a417e66/pytorch_to_caffe2.py:746 [2]
    - "aten::*": 33 distinct names (name [count])
        + aten::Int (2)
        + aten::__getitem__ (3)
        + aten::__round_to_zero_floordiv (1)
        + aten::_convolution (2)
        + aten::add (9)
        + aten::append (18)
        + aten::batch_norm (1)
        + aten::cat (2)
        + aten::contiguous (1)
        + aten::ctc_loss (1)
        + aten::dequantize (4)
        + aten::full (1)
        + aten::index (9)
        + aten::len (1)
        + aten::log_softmax (1)
        + aten::max (9)
        + aten::max_pool2d (1)
        + aten::mul (3)
        + aten::nonzero (9)
        + aten::permute (2)
        + aten::quantize_per_tensor (4)
        + aten::quantized_lstm (2)
        + aten::relu_ (1)
        + aten::select (9)
        + aten::size (18)
        + aten::squeeze (1)
        + aten::sub (1)
        + aten::tensor (9)
        + aten::to (6)
        + aten::unique_consecutive (9)
        + aten::unsqueeze (9)
        + aten::view (13)
        + aten::zeros (2)
    - "caffe2::*": not found
    - "quantized::*": 4 distinct names (name [count])
        + quantized::add_relu (8)
        + quantized::conv2d (11)
        + quantized::conv2d_relu (8)
        + quantized::linear_dynamic (2)
    - "internal::*": not found
    - "prim::*": 7 distinct names (name [count])
        + prim::Constant (62)
        + prim::GetAttr (113)
        + prim::ListConstruct (22)
        + prim::Loop (2)
        + prim::NumToTensor (4)
        + prim::TupleConstruct (1)
        + prim::TupleUnpack (1)
    - "fb::*": not found
    - "prim::GetAttr": 33 distinct attr names (attr [count])
        + "0" (18)
        + "1" (5)
        + "2" (1)
        + "3" (9)
        + "_all_weight_values" (2)
        + "_heads" (1)
        + "_module" (10)
        + "_packed_params" (23)
        + "bias" (3)
        + "block0-0" (1)
        + "block0-1" (1)
        + "block1-0" (1)
        + "block1-1" (1)
        + "block2-0" (1)
        + "block2-1" (1)
        + "block3-0" (1)
        + "block3-1" (2)
        + "blocks" (1)
        + "convolutional_block" (8)
        + "default" (1)
        + "downsample" (3)
        + "fc" (2)
        + "initial_block" (1)
        + "invocations" (1)
        + "lstm" (1)
        + "param" (4)
        + "predecoder" (1)
        + "recognizer" (1)
        + "rnn" (2)
        + "running_mean" (1)
        + "running_var" (1)
        + "submodule" (1)
        + "weight" (3)
