=======================================================================================================
Note: "others" is the sum of unreported ops (block*() block-ret return graph graph-others )
=======================================================================================================
Logfile (ir counts)    aten::*    prim::*    fb::*    quantized::*    internal::*    caffe2::*    if    loop    call    setattr    getattr    all [others]
---------------------  ---------  ---------  -------  --------------  -------------  -----------  ----  ------  ------  ---------  ---------  --------------
graph_81.txt           168 (65%)  88 (34%)   -        -               -              -            -     -       -       -          68 (26%)   259 [3]
-------------------------------------------------------------------------------------------------------

Detailed op stats for [graph_81.txt]
    - "prim::Loop": 0 found
    - "prim::CallMethod": 0 found
    - "prim::If": 0 found
    - "internal::*": not found
    - "fb::*": not found
    - "prim::*": 7 distinct names (name [count])
        + prim::Constant (13)
        + prim::DictConstruct (1)
        + prim::GetAttr (68)
        + prim::ListConstruct (1)
        + prim::ListUnpack (2)
        + prim::TupleConstruct (1)
        + prim::TupleUnpack (2)
    - "quantized::*": not found
    - "caffe2::*": not found
    - "aten::*": 19 distinct names (name [count])
        + aten::__getitem__ (2)
        + aten::add (4)
        + aten::arange (1)
        + aten::cat (1)
        + aten::clamp (3)
        + aten::div (4)
        + aten::eq (42)
        + aten::flatten (1)
        + aten::len (1)
        + aten::log (1)
        + aten::mm (3)
        + aten::mul (48)
        + aten::pow (1)
        + aten::relu (2)
        + aten::size (1)
        + aten::split_with_sizes (2)
        + aten::sub (5)
        + aten::t (3)
        + aten::to (43)
    - "prim::GetAttr": 63 distinct attr names (attr [count])
        + "0" (1)
        + "2" (1)
        + "4" (1)
        + "_auto_parameter_18_means" (1)
        + "_auto_parameter_18_stddevs" (1)
        + "_auto_parameter_33_lambdas" (1)
        + "_auto_parameter_33_means" (1)
        + "_auto_parameter_33_shifts" (1)
        + "_auto_parameter_33_stddevs" (1)
        + "_auto_parameter_43_enum_values" (1)
        + "_auto_parameter_44_enum_values" (1)
        + "_auto_parameter_45_enum_values" (1)
        + "_auto_parameter_46_enum_values" (1)
        + "_auto_parameter_47_enum_values" (1)
        + "_auto_parameter_48_enum_values" (1)
        + "_auto_parameter_49_enum_values" (1)
        + "_auto_parameter_50_enum_values" (1)
        + "_auto_parameter_51_enum_values" (1)
        + "_auto_parameter_52_enum_values" (1)
        + "_auto_parameter_53_enum_values" (1)
        + "_auto_parameter_54_enum_values" (1)
        + "_auto_parameter_55_enum_values" (1)
        + "_auto_parameter_56_enum_values" (1)
        + "_auto_parameter_57_enum_values" (1)
        + "_auto_parameter_58_enum_values" (1)
        + "_auto_parameter_59_enum_values" (1)
        + "_auto_parameter_60_enum_values" (1)
        + "_auto_parameter_61_enum_values" (1)
        + "_auto_parameter_62_enum_values" (1)
        + "_auto_parameter_63_enum_values" (1)
        + "_auto_parameter_64_enum_values" (1)
        + "_auto_parameter_65_enum_values" (1)
        + "_auto_parameter_66_enum_values" (1)
        + "_auto_parameter_67_enum_values" (1)
        + "_auto_parameter_68_enum_values" (1)
        + "_auto_parameter_69_enum_values" (1)
        + "_auto_parameter_70_enum_values" (1)
        + "_auto_parameter_71_enum_values" (1)
        + "_auto_parameter_72_enum_values" (1)
        + "_auto_parameter_73_enum_values" (1)
        + "_auto_parameter_74_enum_values" (1)
        + "_auto_parameter_75_enum_values" (1)
        + "_auto_parameter_76_enum_values" (1)
        + "_auto_parameter_77_enum_values" (1)
        + "_auto_parameter_78_enum_values" (1)
        + "_auto_parameter_79_enum_values" (1)
        + "_auto_parameter_80_enum_values" (1)
        + "_auto_parameter_81_enum_values" (1)
        + "_auto_parameter_82_enum_values" (1)
        + "_auto_parameter_83_enum_values" (1)
        + "action_names" (2)
        + "bias" (3)
        + "dnn" (1)
        + "dqn_with_preprocessor" (1)
        + "fc" (1)
        + "invocations" (1)
        + "model" (1)
        + "negative_one_tensor" (1)
        + "one_tensor" (1)
        + "state_preprocessor" (1)
        + "submodule" (1)
        + "weight" (3)
        + "zero_tensor" (1)
