=======================================================================================================
Note: "others" is the sum of unreported ops (block*() block-ret return graph graph-others )
=======================================================================================================
Logfile (ir counts)    aten::*    prim::*    fb::*    quantized::*    internal::*    caffe2::*    if    loop    call    setattr    getattr    all [others]
---------------------  ---------  ---------  -------  --------------  -------------  -----------  ----  ------  ------  ---------  ---------  --------------
graph_5.txt            339 (70%)  144 (30%)  -        -               -              -            -     -       -       -          124 (26%)  486 [3]
-------------------------------------------------------------------------------------------------------

Detailed op stats for [graph_5.txt]
    - "prim::Loop": 0 found
    - "prim::CallMethod": 0 found
    - "prim::If": 0 found
    - "internal::*": not found
    - "fb::*": not found
    - "prim::*": 7 distinct names (name [count])
        + prim::Constant (13)
        + prim::DictConstruct (1)
        + prim::GetAttr (124)
        + prim::ListConstruct (1)
        + prim::ListUnpack (2)
        + prim::TupleConstruct (1)
        + prim::TupleUnpack (2)
    - "quantized::*": not found
    - "caffe2::*": not found
    - "aten::*": 19 distinct names (name [count])
        + aten::__getitem__ (2)
        + aten::add (4)
        + aten::arange (1)
        + aten::cat (1)
        + aten::clamp (6)
        + aten::div (4)
        + aten::eq (98)
        + aten::flatten (1)
        + aten::len (1)
        + aten::log (1)
        + aten::mm (3)
        + aten::mul (104)
        + aten::pow (1)
        + aten::relu (2)
        + aten::size (1)
        + aten::split_with_sizes (2)
        + aten::sub (5)
        + aten::t (3)
        + aten::to (99)
    - "prim::GetAttr": 119 distinct attr names (attr [count])
        + "0" (1)
        + "2" (1)
        + "4" (1)
        + "_auto_parameter_11992_lambdas" (1)
        + "_auto_parameter_11992_means" (1)
        + "_auto_parameter_11992_shifts" (1)
        + "_auto_parameter_11992_stddevs" (1)
        + "_auto_parameter_11998_enum_values" (1)
        + "_auto_parameter_11999_enum_values" (1)
        + "_auto_parameter_12000_enum_values" (1)
        + "_auto_parameter_12001_enum_values" (1)
        + "_auto_parameter_12002_enum_values" (1)
        + "_auto_parameter_12003_enum_values" (1)
        + "_auto_parameter_12004_enum_values" (1)
        + "_auto_parameter_12005_enum_values" (1)
        + "_auto_parameter_12006_enum_values" (1)
        + "_auto_parameter_12007_enum_values" (1)
        + "_auto_parameter_12008_enum_values" (1)
        + "_auto_parameter_12009_enum_values" (1)
        + "_auto_parameter_12010_enum_values" (1)
        + "_auto_parameter_12011_enum_values" (1)
        + "_auto_parameter_12012_enum_values" (1)
        + "_auto_parameter_12013_enum_values" (1)
        + "_auto_parameter_12014_enum_values" (1)
        + "_auto_parameter_12015_enum_values" (1)
        + "_auto_parameter_12016_enum_values" (1)
        + "_auto_parameter_12017_enum_values" (1)
        + "_auto_parameter_12018_enum_values" (1)
        + "_auto_parameter_12019_enum_values" (1)
        + "_auto_parameter_12020_enum_values" (1)
        + "_auto_parameter_12021_enum_values" (1)
        + "_auto_parameter_12022_enum_values" (1)
        + "_auto_parameter_12023_enum_values" (1)
        + "_auto_parameter_12024_enum_values" (1)
        + "_auto_parameter_12025_enum_values" (1)
        + "_auto_parameter_12026_enum_values" (1)
        + "_auto_parameter_12027_enum_values" (1)
        + "_auto_parameter_12028_enum_values" (1)
        + "_auto_parameter_12029_enum_values" (1)
        + "_auto_parameter_12030_enum_values" (1)
        + "_auto_parameter_12031_enum_values" (1)
        + "_auto_parameter_12032_enum_values" (1)
        + "_auto_parameter_12033_enum_values" (1)
        + "_auto_parameter_12034_enum_values" (1)
        + "_auto_parameter_12035_enum_values" (1)
        + "_auto_parameter_12036_enum_values" (1)
        + "_auto_parameter_12037_enum_values" (1)
        + "_auto_parameter_12038_enum_values" (1)
        + "_auto_parameter_12039_enum_values" (1)
        + "_auto_parameter_12040_enum_values" (1)
        + "_auto_parameter_12041_enum_values" (1)
        + "_auto_parameter_12042_enum_values" (1)
        + "_auto_parameter_12043_enum_values" (1)
        + "_auto_parameter_12044_enum_values" (1)
        + "_auto_parameter_12045_enum_values" (1)
        + "_auto_parameter_12046_enum_values" (1)
        + "_auto_parameter_12047_enum_values" (1)
        + "_auto_parameter_12048_enum_values" (1)
        + "_auto_parameter_12049_enum_values" (1)
        + "_auto_parameter_12050_enum_values" (1)
        + "_auto_parameter_12051_enum_values" (1)
        + "_auto_parameter_12052_enum_values" (1)
        + "_auto_parameter_12053_enum_values" (1)
        + "_auto_parameter_12054_enum_values" (1)
        + "_auto_parameter_12055_enum_values" (1)
        + "_auto_parameter_12056_enum_values" (1)
        + "_auto_parameter_12057_enum_values" (1)
        + "_auto_parameter_12058_enum_values" (1)
        + "_auto_parameter_12059_enum_values" (1)
        + "_auto_parameter_12060_enum_values" (1)
        + "_auto_parameter_12061_enum_values" (1)
        + "_auto_parameter_12062_enum_values" (1)
        + "_auto_parameter_12063_enum_values" (1)
        + "_auto_parameter_12064_enum_values" (1)
        + "_auto_parameter_12065_enum_values" (1)
        + "_auto_parameter_12066_enum_values" (1)
        + "_auto_parameter_12067_enum_values" (1)
        + "_auto_parameter_12068_enum_values" (1)
        + "_auto_parameter_12069_enum_values" (1)
        + "_auto_parameter_12070_enum_values" (1)
        + "_auto_parameter_12071_enum_values" (1)
        + "_auto_parameter_12072_enum_values" (1)
        + "_auto_parameter_12073_enum_values" (1)
        + "_auto_parameter_12074_enum_values" (1)
        + "_auto_parameter_12075_enum_values" (1)
        + "_auto_parameter_12076_enum_values" (1)
        + "_auto_parameter_12077_enum_values" (1)
        + "_auto_parameter_12078_enum_values" (1)
        + "_auto_parameter_12079_enum_values" (1)
        + "_auto_parameter_12080_enum_values" (1)
        + "_auto_parameter_12081_enum_values" (1)
        + "_auto_parameter_12082_enum_values" (1)
        + "_auto_parameter_12083_enum_values" (1)
        + "_auto_parameter_12084_enum_values" (1)
        + "_auto_parameter_12085_enum_values" (1)
        + "_auto_parameter_12086_enum_values" (1)
        + "_auto_parameter_12087_enum_values" (1)
        + "_auto_parameter_12088_enum_values" (1)
        + "_auto_parameter_12089_enum_values" (1)
        + "_auto_parameter_12090_enum_values" (1)
        + "_auto_parameter_12091_enum_values" (1)
        + "_auto_parameter_12092_enum_values" (1)
        + "_auto_parameter_12093_enum_values" (1)
        + "_auto_parameter_12094_enum_values" (1)
        + "_auto_parameter_4549_means" (1)
        + "_auto_parameter_4549_stddevs" (1)
        + "action_names" (2)
        + "bias" (3)
        + "dnn" (1)
        + "dqn_with_preprocessor" (1)
        + "fc" (1)
        + "invocations" (1)
        + "model" (1)
        + "negative_one_tensor" (1)
        + "one_tensor" (1)
        + "state_preprocessor" (1)
        + "submodule" (1)
        + "weight" (3)
        + "zero_tensor" (1)
