=======================================================================================================
Note: "others" is the sum of unreported ops (block*() block-ret return graph graph-others )
=======================================================================================================
Logfile (ir counts)    aten::*      prim::*     fb::*    quantized::*    internal::*    caffe2::*    if         loop       call    setattr    getattr     all [others]
---------------------  -----------  ----------  -------  --------------  -------------  -----------  ---------  ---------  ------  ---------  ----------  --------------
graph_75.txt           10295 (49%)  6593 (31%)  -        -               -              27 ( 0%)     894 ( 4%)  364 ( 2%)  -       162 ( 1%)  3279 (15%)  21222 [4307]
-------------------------------------------------------------------------------------------------------

Detailed op stats for [graph_75.txt]
    - "prim::Loop": 4 distinct sources (source:line [count])
        + /mnt/xarfuse/uid-126524/2846472e-seed-nspid4026531836-ns-4026531840/classy_vision/fb/heads/utils/score_splitter.py:36 [2]
        + /mnt/xarfuse/uid-126524/2846472e-seed-nspid4026531836-ns-4026531840/classy_vision/fb/heads/xray_oc_generic_head.py:188 [6]
        + /mnt/xarfuse/uid-126524/2846472e-seed-nspid4026531836-ns-4026531840/classy_vision/fb/models/prod_resnext.py:77 [32]
        + /mnt/xarfuse/uid-126524/2846472e-seed-nspid4026531836-ns-4026531840/torch/nn/functional.py:2027 [324]
    - "prim::CallMethod": 0 found
    - "prim::If": 18 distinct sources (source:line [count])
        + /mnt/xarfuse/uid-126524/2846472e-seed-nspid4026531836-ns-4026531840/classy_vision/fb/heads/generic_head.py:111 [10]
        + /mnt/xarfuse/uid-126524/2846472e-seed-nspid4026531836-ns-4026531840/classy_vision/fb/heads/generic_head.py:114 [11]
        + /mnt/xarfuse/uid-126524/2846472e-seed-nspid4026531836-ns-4026531840/classy_vision/fb/heads/generic_head.py:120 [11]
        + /mnt/xarfuse/uid-126524/2846472e-seed-nspid4026531836-ns-4026531840/classy_vision/fb/heads/landing_page_multimodal_head.py:61 [1]
        + /mnt/xarfuse/uid-126524/2846472e-seed-nspid4026531836-ns-4026531840/classy_vision/fb/heads/xray_oc_generic_head.py:180 [3]
        + /mnt/xarfuse/uid-126524/2846472e-seed-nspid4026531836-ns-4026531840/classy_vision/fb/heads/xray_oc_generic_head.py:190 [27]
        + /mnt/xarfuse/uid-126524/2846472e-seed-nspid4026531836-ns-4026531840/classy_vision/fb/models/prod_resnext.py:68 [5]
        + /mnt/xarfuse/uid-126524/2846472e-seed-nspid4026531836-ns-4026531840/classy_vision/fb/models/prod_resnext.py:71 [16]
        + /mnt/xarfuse/uid-126524/2846472e-seed-nspid4026531836-ns-4026531840/classy_vision/fb/models/prod_resnext.py:72 [14]
        + /mnt/xarfuse/uid-126524/2846472e-seed-nspid4026531836-ns-4026531840/classy_vision/fb/models/prod_resnext.py:91 [33]
        + /mnt/xarfuse/uid-126524/2846472e-seed-nspid4026531836-ns-4026531840/classy_vision/models/resnext.py:110 [84]
        + /mnt/xarfuse/uid-126524/2846472e-seed-nspid4026531836-ns-4026531840/classy_vision/models/resnext.py:118 [84]
        + /mnt/xarfuse/uid-126524/2846472e-seed-nspid4026531836-ns-4026531840/torch/nn/functional.py:1680 [42]
        + /mnt/xarfuse/uid-126524/2846472e-seed-nspid4026531836-ns-4026531840/torch/nn/functional.py:2029 [162]
        + /mnt/xarfuse/uid-126524/2846472e-seed-nspid4026531836-ns-4026531840/torch/nn/functional.py:2046 [162]
        + /mnt/xarfuse/uid-126524/2846472e-seed-nspid4026531836-ns-4026531840/torch/nn/modules/batchnorm.py:110 [162]
        + /mnt/xarfuse/uid-126524/2846472e-seed-nspid4026531836-ns-4026531840/torch/nn/modules/batchnorm.py:276 [51]
        + <string>:5 [16]
    - "internal::*": not found
    - "fb::*": not found
    - "prim::*": 15 distinct names (name [count])
        + prim::Constant (1405)
        + prim::DictConstruct (20)
        + prim::GetAttr (3279)
        + prim::If (894)
        + prim::ListConstruct (42)
        + prim::ListUnpack (1)
        + prim::Loop (364)
        + prim::RaiseException (229)
        + prim::SetAttr (162)
        + prim::TupleUnpack (154)
        + prim::device (5)
        + prim::dtype (3)
        + prim::is_mkldnn (5)
        + prim::min (3)
        + prim::unchecked_cast (27)
    - "quantized::*": not found
    - "caffe2::*": 1 distinct names (name [count])
        + caffe2::PiecewiseLinearTransform (27)
    - "aten::*": 58 distinct names (name [count])
        + aten::__contains__ (76)
        + aten::__getitem__ (1926)
        + aten::__is__ (14)
        + aten::__not__ (3)
        + aten::__or__ (1)
        + aten::__round_to_zero_floordiv (182)
        + aten::_set_item (258)
        + aten::adaptive_avg_pool2d (16)
        + aten::add (3301)
        + aten::add_ (128)
        + aten::append (54)
        + aten::argmax (1)
        + aten::batch_norm (266)
        + aten::cat (20)
        + aten::ceil (9)
        + aten::clamp (9)
        + aten::clamp_min (2)
        + aten::contiguous (27)
        + aten::conv2d (162)
        + aten::copy (5)
        + aten::detach (38)
        + aten::dim (144)
        + aten::div (2)
        + aten::empty (3)
        + aten::eq (204)
        + aten::expand (1)
        + aten::expand_as (2)
        + aten::format (357)
        + aten::gt (27)
        + aten::index_select (9)
        + aten::items (17)
        + aten::keys (6)
        + aten::len (198)
        + aten::list (3)
        + aten::matmul (42)
        + aten::max_pool2d (1)
        + aten::min (1)
        + aten::mkldnn_convolution (104)
        + aten::mm (42)
        + aten::mul (1644)
        + aten::ne (51)
        + aten::norm (2)
        + aten::ones (1)
        + aten::relu (4)
        + aten::relu_ (253)
        + aten::reshape (16)
        + aten::scatter_ (1)
        + aten::sigmoid (17)
        + aten::size (196)
        + aten::softmax (7)
        + aten::split (3)
        + aten::sub (345)
        + aten::t (84)
        + aten::to_dense (5)
        + aten::to_mkldnn (1)
        + aten::update (1)
        + aten::view (1)
        + aten::zeros (2)
    - "prim::GetAttr": 98 distinct attr names (attr [count])
        + "0" (120)
        + "1" (115)
        + "2" (14)
        + "3" (90)
        + "4" (90)
        + "5" (5)
        + "6" (88)
        + "7" (3)
        + "8" (3)
        + "_attachable_block_names" (1)
        + "_considered_verticals_mask" (2)
        + "_heads" (1)
        + "_linear" (9)
        + "_model" (1)
        + "_module" (6)
        + "_net" (1)
        + "_no_verticals_mask" (1)
        + "_output_index_map" (1)
        + "ads_ranking_v2" (1)
        + "bi_image_embedding_v0" (1)
        + "bi_image_sexual_v0" (1)
        + "bias" (576)
        + "block0-0" (1)
        + "block0-1" (1)
        + "block0-2" (1)
        + "block1-0" (1)
        + "block1-1" (1)
        + "block1-2" (1)
        + "block1-3" (1)
        + "block2-0" (1)
        + "block2-1" (1)
        + "block2-10" (1)
        + "block2-11" (1)
        + "block2-12" (1)
        + "block2-13" (1)
        + "block2-14" (1)
        + "block2-15" (1)
        + "block2-16" (2)
        + "block2-17" (1)
        + "block2-18" (1)
        + "block2-19" (1)
        + "block2-2" (1)
        + "block2-20" (1)
        + "block2-21" (1)
        + "block2-22" (2)
        + "block2-3" (1)
        + "block2-4" (1)
        + "block2-5" (1)
        + "block2-6" (1)
        + "block2-7" (1)
        + "block2-8" (1)
        + "block2-9" (1)
        + "block3-0" (2)
        + "block3-1" (2)
        + "block3-2" (2)
        + "blocks" (15)
        + "bn" (84)
        + "bounds" (27)
        + "business_integrity" (1)
        + "calibration_data" (33)
        + "catalyzer_hash" (1)
        + "clusterfit" (1)
        + "concept_names" (3)
        + "convolutional_block" (84)
        + "downsample" (13)
        + "fc" (11)
        + "fc1" (1)
        + "fc2" (1)
        + "fcu_subtopic" (1)
        + "final_bn_relu" (108)
        + "has_concepts" (3)
        + "initial_block" (1)
        + "invocations" (1)
        + "itq_hash" (8)
        + "landing_page_multimodal" (1)
        + "landing_page_screenshot" (1)
        + "last_conv_features" (11)
        + "num_batches_tracked" (162)
        + "num_blocks" (11)
        + "parallel_fcs" (3)
        + "pool_in_op" (11)
        + "running_mean" (266)
        + "running_var" (266)
        + "score_splitter" (1)
        + "search_mkt_uru" (1)
        + "search_mkt_uru_2019a" (1)
        + "search_uru" (1)
        + "search_uru_2019a" (1)
        + "slopes" (27)
        + "submodule" (1)
        + "training" (324)
        + "unique_id" (44)
        + "verticals_nms" (1)
        + "weight" (576)
        + "xray_2018a" (1)
        + "xray_oc" (1)
        + "xray_oc_2019a" (1)
        + "xray_oc_2020a" (1)
    - "prim::SetAttr": 1 distinct attr names (attr [count])
        + "num_batches_tracked" (162)
