=======================================================================================================
Note: "others" is the sum of unreported ops (block*() block-ret return graph graph-others )
=======================================================================================================
Logfile (ir counts)    aten::*    prim::*    fb::*    quantized::*    internal::*    caffe2::*    if    loop    call     setattr    getattr    all [others]
---------------------  ---------  ---------  -------  --------------  -------------  -----------  ----  ------  -------  ---------  ---------  --------------
graph_68.txt           9 (24%)    25 (68%)   -        -               -              -            -     -       1 ( 3%)  -          4 (11%)    37 [3]
-------------------------------------------------------------------------------------------------------

Detailed op stats for [graph_68.txt]
    - "prim::Loop": 0 found
    - "prim::CallMethod": 1 distinct sources (source:line [count])
        + :0 [1]
    - "prim::If": 0 found
    - "internal::*": not found
    - "fb::*": not found
    - "prim::*": 7 distinct names (name [count])
        + prim::CallMethod (1)
        + prim::Constant (8)
        + prim::DictConstruct (2)
        + prim::GetAttr (4)
        + prim::TupleConstruct (3)
        + prim::TupleIndex (6)
        + prim::TupleUnpack (1)
    - "quantized::*": not found
    - "caffe2::*": not found
    - "aten::*": 2 distinct names (name [count])
        + aten::__getitem__ (3)
        + aten::index_select (6)
    - "prim::GetAttr": 4 distinct attr names (attr [count])
        + "bdt" (1)
        + "c2_pred_wrapper" (1)
        + "invocations" (1)
        + "submodule" (1)
