=======================================================================================================
Note: "others" is the sum of unreported ops (block*() block-ret return graph graph-others )
=======================================================================================================
Logfile (ir counts)    aten::*    prim::*    fb::*    quantized::*    internal::*    caffe2::*    if    loop    call    setattr    getattr    all [others]
---------------------  ---------  ---------  -------  --------------  -------------  -----------  ----  ------  ------  ---------  ---------  --------------
graph_72.txt           106 (56%)  80 (42%)   -        -               -              -            -     -       -       -          58 (31%)   189 [3]
-------------------------------------------------------------------------------------------------------

Detailed op stats for [graph_72.txt]
    - "prim::Loop": 0 found
    - "prim::CallMethod": 0 found
    - "prim::If": 0 found
    - "internal::*": not found
    - "fb::*": not found
    - "prim::*": 7 distinct names (name [count])
        + prim::Constant (15)
        + prim::DictConstruct (1)
        + prim::GetAttr (58)
        + prim::ListConstruct (1)
        + prim::ListUnpack (2)
        + prim::TupleConstruct (1)
        + prim::TupleUnpack (2)
    - "quantized::*": not found
    - "caffe2::*": not found
    - "aten::*": 20 distinct names (name [count])
        + aten::__getitem__ (2)
        + aten::add (8)
        + aten::arange (1)
        + aten::cat (1)
        + aten::clamp (6)
        + aten::div (4)
        + aten::eq (16)
        + aten::flatten (1)
        + aten::len (1)
        + aten::log (1)
        + aten::mean (1)
        + aten::mm (6)
        + aten::mul (22)
        + aten::pow (1)
        + aten::relu (3)
        + aten::size (1)
        + aten::split_with_sizes (2)
        + aten::sub (6)
        + aten::t (6)
        + aten::to (17)
    - "prim::GetAttr": 39 distinct attr names (attr [count])
        + "0" (3)
        + "2" (3)
        + "_auto_parameter_113_lambdas" (1)
        + "_auto_parameter_113_means" (1)
        + "_auto_parameter_113_shifts" (1)
        + "_auto_parameter_113_stddevs" (1)
        + "_auto_parameter_129_enum_values" (1)
        + "_auto_parameter_130_enum_values" (1)
        + "_auto_parameter_131_enum_values" (1)
        + "_auto_parameter_132_enum_values" (1)
        + "_auto_parameter_133_enum_values" (1)
        + "_auto_parameter_134_enum_values" (1)
        + "_auto_parameter_135_enum_values" (1)
        + "_auto_parameter_136_enum_values" (1)
        + "_auto_parameter_137_enum_values" (1)
        + "_auto_parameter_138_enum_values" (1)
        + "_auto_parameter_139_enum_values" (1)
        + "_auto_parameter_140_enum_values" (1)
        + "_auto_parameter_141_enum_values" (1)
        + "_auto_parameter_142_enum_values" (1)
        + "_auto_parameter_143_enum_values" (1)
        + "_auto_parameter_24_means" (1)
        + "_auto_parameter_24_stddevs" (1)
        + "action_names" (2)
        + "advantage_network" (1)
        + "bias" (6)
        + "dnn" (3)
        + "dqn_with_preprocessor" (1)
        + "fc" (3)
        + "invocations" (1)
        + "model" (1)
        + "negative_one_tensor" (1)
        + "one_tensor" (1)
        + "shared_network" (1)
        + "state_preprocessor" (1)
        + "submodule" (1)
        + "value_network" (1)
        + "weight" (6)
        + "zero_tensor" (1)
