=======================================================================================================
Note: "others" is the sum of unreported ops (block*() block-ret return graph graph-others )
=======================================================================================================
Logfile (ir counts)                              aten::*    prim::*    fb::*    quantized::*    internal::*    caffe2::*    if    loop    call    setattr    getattr    all [others]
-----------------------------------------------  ---------  ---------  -------  --------------  -------------  -----------  ----  ------  ------  ---------  ---------  --------------
pytorch_struct.cpu.last_executed_graph_dump.log  45 (40%)   63 (56%)   -        -               -              -            -     -       -       -          41 (37%)   112 [3]
-------------------------------------------------------------------------------------------------------

Detailed op stats for [pytorch_struct.cpu.last_executed_graph_dump.log]
    - "prim::Loop": 0 found
    - "prim::CallMethod": 0 found
    - "prim::If": 0 found
    - "fb::*": not found
    - "caffe2::*": not found
    - "quantized::*": not found
    - "prim::*": 5 distinct names (name [count])
        + prim::Constant (10)
        + prim::GetAttr (41)
        + prim::ListConstruct (10)
        + prim::ListUnpack (1)
        + prim::TupleConstruct (1)
    - "internal::*": not found
    - "aten::*": 13 distinct names (name [count])
        + aten::__getitem__ (1)
        + aten::add (5)
        + aten::einsum (3)
        + aten::expand (4)
        + aten::gather (1)
        + aten::linear (10)
        + aten::log_softmax (3)
        + aten::relu (8)
        + aten::size (1)
        + aten::slice (1)
        + aten::squeeze (1)
        + aten::unsqueeze (4)
        + aten::view (3)
    - "prim::GetAttr": 18 distinct attr names (attr [count])
        + "NT" (1)
        + "T" (1)
        + "V" (1)
        + "bias" (10)
        + "mlp1" (1)
        + "mlp2" (1)
        + "nonterm_emb" (1)
        + "nonterm_emb_c" (1)
        + "root_emb" (1)
        + "s_emb" (1)
        + "term_emb" (1)
        + "u1" (2)
        + "u2" (2)
        + "v1" (2)
        + "v2" (2)
        + "w" (2)
        + "weight" (10)
        + "word_emb" (1)
