=======================================================================================================
Note: "others" is the sum of unreported ops (block*() block-ret return graph graph-others )
=======================================================================================================
Logfile (ir counts)                                  aten::*     prim::*     fb::*    quantized::*    internal::*    caffe2::*    if         loop       call    setattr    getattr     all [others]
---------------------------------------------------  ----------  ----------  -------  --------------  -------------  -----------  ---------  ---------  ------  ---------  ----------  --------------
shufflenet_v2_x1_0.cpu.last_executed_graph_dump.log  1464 (30%)  1974 (40%)  -        -               -              -            328 ( 7%)  104 ( 2%)  -       104 ( 2%)  1219 (25%)  4962 [1523]
-------------------------------------------------------------------------------------------------------

Detailed op stats for [shufflenet_v2_x1_0.cpu.last_executed_graph_dump.log]
    - "prim::Loop": 1 distinct sources (source:line [count])
        + /home/pengwu/local/miniconda3/envs/pytorch/lib/python3.8/site-packages/torch/nn/functional.py:2108 [104]
    - "prim::CallMethod": 0 found
    - "prim::If": 4 distinct sources (source:line [count])
        + /home/pengwu/local/miniconda3/envs/pytorch/lib/python3.8/site-packages/torch/nn/functional.py:2110 [104]
        + /home/pengwu/local/miniconda3/envs/pytorch/lib/python3.8/site-packages/torch/nn/functional.py:2143 [104]
        + /home/pengwu/local/miniconda3/envs/pytorch/lib/python3.8/site-packages/torch/nn/modules/batchnorm.py:110 [104]
        + /home/pengwu/local/miniconda3/envs/pytorch/lib/python3.8/site-packages/torchvision-0.9.0a0+767b23e-py3.8-linux-x86_64.egg/torchvision/models/shufflenetv2.py:88 [16]
    - "fb::*": not found
    - "caffe2::*": not found
    - "quantized::*": not found
    - "prim::*": 9 distinct names (name [count])
        + prim::Constant (19)
        + prim::ConstantChunk (16)
        + prim::GetAttr (1219)
        + prim::If (328)
        + prim::ListConstruct (64)
        + prim::ListUnpack (16)
        + prim::Loop (104)
        + prim::RaiseException (104)
        + prim::SetAttr (104)
    - "internal::*": not found
    - "aten::*": 19 distinct names (name [count])
        + aten::__getitem__ (208)
        + aten::add (208)
        + aten::batch_norm (104)
        + aten::cat (32)
        + aten::contiguous (16)
        + aten::conv2d (104)
        + aten::eq (120)
        + aten::floordiv (16)
        + aten::format (104)
        + aten::len (104)
        + aten::linear (1)
        + aten::max_pool2d (1)
        + aten::mean (1)
        + aten::mul (104)
        + aten::relu_ (69)
        + aten::size (120)
        + aten::sub (104)
        + aten::transpose (16)
        + aten::view (32)
    - "prim::GetAttr": 23 distinct attr names (attr [count])
        + "0" (40)
        + "1" (40)
        + "2" (6)
        + "3" (38)
        + "4" (33)
        + "5" (33)
        + "6" (33)
        + "7" (1)
        + "bias" (209)
        + "branch1" (3)
        + "branch2" (32)
        + "conv1" (1)
        + "conv5" (1)
        + "fc" (1)
        + "num_batches_tracked" (104)
        + "running_mean" (104)
        + "running_var" (104)
        + "stage2" (1)
        + "stage3" (1)
        + "stage4" (1)
        + "stride" (16)
        + "training" (208)
        + "weight" (209)
    - "prim::SetAttr": 1 distinct attr names (attr [count])
        + "num_batches_tracked" (104)
