=======================================================================================================
Note: "others" is the sum of unreported ops (block*() block-ret return graph graph-others )
=======================================================================================================
Logfile (ir counts)    aten::*    prim::*    fb::*    quantized::*    internal::*    caffe2::*    if    loop    call    setattr    getattr    all [others]
---------------------  ---------  ---------  -------  --------------  -------------  -----------  ----  ------  ------  ---------  ---------  --------------
graph_84.txt           213 (67%)  102 (32%)  -        -               -              -            -     -       -       -          82 (26%)   318 [3]
-------------------------------------------------------------------------------------------------------

Detailed op stats for [graph_84.txt]
    - "prim::Loop": 0 found
    - "prim::CallMethod": 0 found
    - "prim::If": 0 found
    - "internal::*": not found
    - "fb::*": not found
    - "prim::*": 7 distinct names (name [count])
        + prim::Constant (13)
        + prim::DictConstruct (1)
        + prim::GetAttr (82)
        + prim::ListConstruct (1)
        + prim::ListUnpack (2)
        + prim::TupleConstruct (1)
        + prim::TupleUnpack (2)
    - "quantized::*": not found
    - "caffe2::*": not found
    - "aten::*": 19 distinct names (name [count])
        + aten::__getitem__ (2)
        + aten::add (4)
        + aten::arange (1)
        + aten::cat (1)
        + aten::clamp (6)
        + aten::div (4)
        + aten::eq (56)
        + aten::flatten (1)
        + aten::len (1)
        + aten::log (1)
        + aten::mm (3)
        + aten::mul (62)
        + aten::pow (1)
        + aten::relu (2)
        + aten::size (1)
        + aten::split_with_sizes (2)
        + aten::sub (5)
        + aten::t (3)
        + aten::to (57)
    - "prim::GetAttr": 77 distinct attr names (attr [count])
        + "0" (1)
        + "2" (1)
        + "4" (1)
        + "_auto_parameter_100_enum_values" (1)
        + "_auto_parameter_101_enum_values" (1)
        + "_auto_parameter_102_enum_values" (1)
        + "_auto_parameter_103_enum_values" (1)
        + "_auto_parameter_104_enum_values" (1)
        + "_auto_parameter_105_enum_values" (1)
        + "_auto_parameter_106_enum_values" (1)
        + "_auto_parameter_107_enum_values" (1)
        + "_auto_parameter_108_enum_values" (1)
        + "_auto_parameter_109_enum_values" (1)
        + "_auto_parameter_110_enum_values" (1)
        + "_auto_parameter_111_enum_values" (1)
        + "_auto_parameter_112_enum_values" (1)
        + "_auto_parameter_113_enum_values" (1)
        + "_auto_parameter_114_enum_values" (1)
        + "_auto_parameter_115_enum_values" (1)
        + "_auto_parameter_116_enum_values" (1)
        + "_auto_parameter_117_enum_values" (1)
        + "_auto_parameter_118_enum_values" (1)
        + "_auto_parameter_119_enum_values" (1)
        + "_auto_parameter_120_enum_values" (1)
        + "_auto_parameter_121_enum_values" (1)
        + "_auto_parameter_122_enum_values" (1)
        + "_auto_parameter_123_enum_values" (1)
        + "_auto_parameter_124_enum_values" (1)
        + "_auto_parameter_125_enum_values" (1)
        + "_auto_parameter_126_enum_values" (1)
        + "_auto_parameter_127_enum_values" (1)
        + "_auto_parameter_128_enum_values" (1)
        + "_auto_parameter_129_enum_values" (1)
        + "_auto_parameter_130_enum_values" (1)
        + "_auto_parameter_131_enum_values" (1)
        + "_auto_parameter_132_enum_values" (1)
        + "_auto_parameter_133_enum_values" (1)
        + "_auto_parameter_134_enum_values" (1)
        + "_auto_parameter_135_enum_values" (1)
        + "_auto_parameter_136_enum_values" (1)
        + "_auto_parameter_137_enum_values" (1)
        + "_auto_parameter_138_enum_values" (1)
        + "_auto_parameter_139_enum_values" (1)
        + "_auto_parameter_140_enum_values" (1)
        + "_auto_parameter_141_enum_values" (1)
        + "_auto_parameter_142_enum_values" (1)
        + "_auto_parameter_143_enum_values" (1)
        + "_auto_parameter_144_enum_values" (1)
        + "_auto_parameter_145_enum_values" (1)
        + "_auto_parameter_146_enum_values" (1)
        + "_auto_parameter_147_enum_values" (1)
        + "_auto_parameter_148_enum_values" (1)
        + "_auto_parameter_149_enum_values" (1)
        + "_auto_parameter_28_means" (1)
        + "_auto_parameter_28_stddevs" (1)
        + "_auto_parameter_73_lambdas" (1)
        + "_auto_parameter_73_means" (1)
        + "_auto_parameter_73_shifts" (1)
        + "_auto_parameter_73_stddevs" (1)
        + "_auto_parameter_95_enum_values" (1)
        + "_auto_parameter_96_enum_values" (1)
        + "_auto_parameter_97_enum_values" (1)
        + "_auto_parameter_98_enum_values" (1)
        + "_auto_parameter_99_enum_values" (1)
        + "action_names" (2)
        + "bias" (3)
        + "dnn" (1)
        + "dqn_with_preprocessor" (1)
        + "fc" (1)
        + "invocations" (1)
        + "model" (1)
        + "negative_one_tensor" (1)
        + "one_tensor" (1)
        + "state_preprocessor" (1)
        + "submodule" (1)
        + "weight" (3)
        + "zero_tensor" (1)
