=======================================================================================================
Note: "others" is the sum of unreported ops (block*() block-ret return graph graph-others )
=======================================================================================================
Logfile (ir counts)    aten::*    prim::*    fb::*    quantized::*    internal::*    caffe2::*    if    loop    call    setattr    getattr    all [others]
---------------------  ---------  ---------  -------  --------------  -------------  -----------  ----  ------  ------  ---------  ---------  --------------
graph_34.txt           102 (60%)  66 (39%)   -        -               -              -            -     -       -       -          46 (27%)   171 [3]
-------------------------------------------------------------------------------------------------------

Detailed op stats for [graph_34.txt]
    - "prim::Loop": 0 found
    - "prim::CallMethod": 0 found
    - "prim::If": 0 found
    - "internal::*": not found
    - "fb::*": not found
    - "prim::*": 7 distinct names (name [count])
        + prim::Constant (13)
        + prim::DictConstruct (1)
        + prim::GetAttr (46)
        + prim::ListConstruct (1)
        + prim::ListUnpack (2)
        + prim::TupleConstruct (1)
        + prim::TupleUnpack (2)
    - "quantized::*": not found
    - "caffe2::*": not found
    - "aten::*": 19 distinct names (name [count])
        + aten::__getitem__ (2)
        + aten::add (4)
        + aten::arange (1)
        + aten::cat (1)
        + aten::clamp (3)
        + aten::div (4)
        + aten::eq (20)
        + aten::flatten (1)
        + aten::len (1)
        + aten::log (1)
        + aten::mm (3)
        + aten::mul (26)
        + aten::pow (1)
        + aten::relu (2)
        + aten::size (1)
        + aten::split_with_sizes (2)
        + aten::sub (5)
        + aten::t (3)
        + aten::to (21)
    - "prim::GetAttr": 41 distinct attr names (attr [count])
        + "0" (1)
        + "2" (1)
        + "4" (1)
        + "_auto_parameter_16_means" (1)
        + "_auto_parameter_16_stddevs" (1)
        + "_auto_parameter_20_lambdas" (1)
        + "_auto_parameter_20_means" (1)
        + "_auto_parameter_20_shifts" (1)
        + "_auto_parameter_20_stddevs" (1)
        + "_auto_parameter_21_enum_values" (1)
        + "_auto_parameter_22_enum_values" (1)
        + "_auto_parameter_23_enum_values" (1)
        + "_auto_parameter_24_enum_values" (1)
        + "_auto_parameter_25_enum_values" (1)
        + "_auto_parameter_26_enum_values" (1)
        + "_auto_parameter_27_enum_values" (1)
        + "_auto_parameter_28_enum_values" (1)
        + "_auto_parameter_29_enum_values" (1)
        + "_auto_parameter_30_enum_values" (1)
        + "_auto_parameter_31_enum_values" (1)
        + "_auto_parameter_32_enum_values" (1)
        + "_auto_parameter_33_enum_values" (1)
        + "_auto_parameter_34_enum_values" (1)
        + "_auto_parameter_35_enum_values" (1)
        + "_auto_parameter_36_enum_values" (1)
        + "_auto_parameter_37_enum_values" (1)
        + "_auto_parameter_38_enum_values" (1)
        + "_auto_parameter_39_enum_values" (1)
        + "action_names" (2)
        + "bias" (3)
        + "dnn" (1)
        + "dqn_with_preprocessor" (1)
        + "fc" (1)
        + "invocations" (1)
        + "model" (1)
        + "negative_one_tensor" (1)
        + "one_tensor" (1)
        + "state_preprocessor" (1)
        + "submodule" (1)
        + "weight" (3)
        + "zero_tensor" (1)
