=======================================================================================================
Note: "others" is the sum of unreported ops (block*() block-ret return graph graph-others )
=======================================================================================================
Logfile (ir counts)    aten::*     prim::*     fb::*    quantized::*    internal::*    caffe2::*    if         loop      call     setattr    getattr    all [others]
---------------------  ----------  ----------  -------  --------------  -------------  -----------  ---------  --------  -------  ---------  ---------  --------------
graph_21.txt           2361 (53%)  1329 (30%)  -        -               5 ( 0%)        -            169 ( 4%)  43 ( 1%)  9 ( 0%)  -          691 (15%)  4460 [765]
-------------------------------------------------------------------------------------------------------

Detailed op stats for [graph_21.txt]
    - "prim::Loop": 16 distinct sources (source:line [count])
        + /mnt/xarfuse/uid-199437/e7d08670-seed-6a2c608f-08f7-4f98-8697-92e4b4966e1a-ns-4026533585/faim/core/multi_model.py:61 [4]
        + /mnt/xarfuse/uid-199437/e7d08670-seed-6a2c608f-08f7-4f98-8697-92e4b4966e1a-ns-4026533585/faim/core/multi_model.py:69 [4]
        + /mnt/xarfuse/uid-199437/e7d08670-seed-6a2c608f-08f7-4f98-8697-92e4b4966e1a-ns-4026533585/faim/task/non_temporal/mtl_classifier.py:100 [2]
        + /mnt/xarfuse/uid-199437/e7d08670-seed-6a2c608f-08f7-4f98-8697-92e4b4966e1a-ns-4026533585/faim/task/non_temporal/mtl_classifier.py:92 [4]
        + /mnt/xarfuse/uid-199437/e7d08670-seed-6a2c608f-08f7-4f98-8697-92e4b4966e1a-ns-4026533585/fblearner/flow/projects/fluent2/definition/transformers/contrib/faim/faim_predictor.py:603 [1]
        + /mnt/xarfuse/uid-199437/e7d08670-seed-6a2c608f-08f7-4f98-8697-92e4b4966e1a-ns-4026533585/fblearner/flow/projects/fluent2/definition/transformers/contrib/faim/faim_predictor.py:607 [2]
        + /mnt/xarfuse/uid-199437/e7d08670-seed-6a2c608f-08f7-4f98-8697-92e4b4966e1a-ns-4026533585/fblearner/flow/projects/fluent2/definition/transformers/contrib/faim/faim_predictor.py:681 [2]
        + /mnt/xarfuse/uid-199437/e7d08670-seed-6a2c608f-08f7-4f98-8697-92e4b4966e1a-ns-4026533585/fblearner/flow/projects/fluent2/definition/transformers/contrib/faim/faim_predictor.py:687 [2]
        + /mnt/xarfuse/uid-199437/e7d08670-seed-6a2c608f-08f7-4f98-8697-92e4b4966e1a-ns-4026533585/fblearner/flow/projects/fluent2/definition/transformers/contrib/faim/faim_predictor.py:691 [1]
        + /mnt/xarfuse/uid-199437/e7d08670-seed-6a2c608f-08f7-4f98-8697-92e4b4966e1a-ns-4026533585/fblearner/flow/projects/fluent2/definition/transformers/contrib/faim/faim_utils.py:137 [2]
        + /mnt/xarfuse/uid-199437/e7d08670-seed-6a2c608f-08f7-4f98-8697-92e4b4966e1a-ns-4026533585/fblearner/flow/projects/fluent2/definition/transformers/contrib/faim/faim_utils.py:165 [2]
        + /mnt/xarfuse/uid-199437/e7d08670-seed-6a2c608f-08f7-4f98-8697-92e4b4966e1a-ns-4026533585/multimo/datasets/transform_utils.py:38 [2]
        + /mnt/xarfuse/uid-199437/e7d08670-seed-6a2c608f-08f7-4f98-8697-92e4b4966e1a-ns-4026533585/multimo/text/vocab/vocab.py:246 [2]
        + /mnt/xarfuse/uid-199437/e7d08670-seed-6a2c608f-08f7-4f98-8697-92e4b4966e1a-ns-4026533585/multimo/text/vocab/vocab.py:250 [2]
        + /mnt/xarfuse/uid-199437/e7d08670-seed-6a2c608f-08f7-4f98-8697-92e4b4966e1a-ns-4026533585/multimo/text/vocab/vocab.py:259 [9]
        + /mnt/xarfuse/uid-199437/e7d08670-seed-6a2c608f-08f7-4f98-8697-92e4b4966e1a-ns-4026533585/pytext/models/representations/transformer/sentence_encoder.py:45 [2]
    - "prim::CallMethod": 1 distinct sources (source:line [count])
        + :0 [9]
    - "prim::If": 24 distinct sources (source:line [count])
        + /mnt/xarfuse/uid-199437/e7d08670-seed-6a2c608f-08f7-4f98-8697-92e4b4966e1a-ns-4026533585/faim/core/multi_model.py:70 [18]
        + /mnt/xarfuse/uid-199437/e7d08670-seed-6a2c608f-08f7-4f98-8697-92e4b4966e1a-ns-4026533585/faim/encoder/common/identity_encoder.py:30 [5]
        + /mnt/xarfuse/uid-199437/e7d08670-seed-6a2c608f-08f7-4f98-8697-92e4b4966e1a-ns-4026533585/faim/encoder/common/identity_encoder.py:31 [5]
        + /mnt/xarfuse/uid-199437/e7d08670-seed-6a2c608f-08f7-4f98-8697-92e4b4966e1a-ns-4026533585/faim/fusion/non_temporal/low_rank_factorization_fusion.py:96 [12]
        + /mnt/xarfuse/uid-199437/e7d08670-seed-6a2c608f-08f7-4f98-8697-92e4b4966e1a-ns-4026533585/faim/task/non_temporal/mtl_classifier.py:79 [2]
        + /mnt/xarfuse/uid-199437/e7d08670-seed-6a2c608f-08f7-4f98-8697-92e4b4966e1a-ns-4026533585/faim/task/non_temporal/mtl_classifier.py:86 [2]
        + /mnt/xarfuse/uid-199437/e7d08670-seed-6a2c608f-08f7-4f98-8697-92e4b4966e1a-ns-4026533585/fblearner/flow/projects/fluent2/definition/transformers/contrib/faim/faim_predictor.py:680 [1]
        + /mnt/xarfuse/uid-199437/e7d08670-seed-6a2c608f-08f7-4f98-8697-92e4b4966e1a-ns-4026533585/fblearner/flow/projects/fluent2/definition/transformers/contrib/faim/faim_predictor.py:709 [1]
        + /mnt/xarfuse/uid-199437/e7d08670-seed-6a2c608f-08f7-4f98-8697-92e4b4966e1a-ns-4026533585/multimo/text/tokenizers/sentencepiece_tokenizer.py:49 [18]
        + /mnt/xarfuse/uid-199437/e7d08670-seed-6a2c608f-08f7-4f98-8697-92e4b4966e1a-ns-4026533585/multimo/text/vocab/vocab.py:244 [1]
        + /mnt/xarfuse/uid-199437/e7d08670-seed-6a2c608f-08f7-4f98-8697-92e4b4966e1a-ns-4026533585/multimo/text/vocab/vocab.py:260 [9]
        + /mnt/xarfuse/uid-199437/e7d08670-seed-6a2c608f-08f7-4f98-8697-92e4b4966e1a-ns-4026533585/pytext/models/representations/transformer/multihead_attention.py:50 [6]
        + /mnt/xarfuse/uid-199437/e7d08670-seed-6a2c608f-08f7-4f98-8697-92e4b4966e1a-ns-4026533585/pytext/models/representations/transformer/multihead_attention.py:51 [6]
        + /mnt/xarfuse/uid-199437/e7d08670-seed-6a2c608f-08f7-4f98-8697-92e4b4966e1a-ns-4026533585/pytext/models/representations/transformer/multihead_attention.py:66 [6]
        + /mnt/xarfuse/uid-199437/e7d08670-seed-6a2c608f-08f7-4f98-8697-92e4b4966e1a-ns-4026533585/pytext/models/representations/transformer/multihead_attention.py:70 [6]
        + /mnt/xarfuse/uid-199437/e7d08670-seed-6a2c608f-08f7-4f98-8697-92e4b4966e1a-ns-4026533585/pytext/models/representations/transformer/multihead_attention.py:87 [6]
        + /mnt/xarfuse/uid-199437/e7d08670-seed-6a2c608f-08f7-4f98-8697-92e4b4966e1a-ns-4026533585/torch/nn/functional.py:1663 [31]
        + /mnt/xarfuse/uid-199437/e7d08670-seed-6a2c608f-08f7-4f98-8697-92e4b4966e1a-ns-4026533585/torch/nn/functional.py:1812 [2]
        + /mnt/xarfuse/uid-199437/e7d08670-seed-d49d0fd8-00cc-4336-b920-a5fd1430237e-ns-4026532855/fblearner/flow/projects/fluent2/definition/transformers/static_default_value.py:104 [6]
        + /mnt/xarfuse/uid-199437/e7d08670-seed-d49d0fd8-00cc-4336-b920-a5fd1430237e-ns-4026532855/fblearner/flow/projects/fluent2/definition/transformers/static_default_value.py:79 [6]
        + /mnt/xarfuse/uid-199437/e7d08670-seed-d49d0fd8-00cc-4336-b920-a5fd1430237e-ns-4026532855/fblearner/flow/projects/fluent2/definition/transformers/static_default_value.py:85 [6]
        + /mnt/xarfuse/uid-199437/e7d08670-seed-d49d0fd8-00cc-4336-b920-a5fd1430237e-ns-4026532855/fblearner/flow/projects/fluent2/definition/transformers/static_default_value.py:87 [6]
        + :0 [6]
        + <missing-source> [2]
    - "internal::*": 2 distinct names (name [count])
        + internal::explode_fixed_length_variable_length_tensor_float_dense_output (2)
        + internal::explode_int_weighted_multi (3)
    - "fb::*": not found
    - "prim::*": 20 distinct names (name [count])
        + prim::CallMethod (9)
        + prim::Constant (42)
        + prim::ConstantChunk (6)
        + prim::DictConstruct (17)
        + prim::GetAttr (691)
        + prim::If (169)
        + prim::ListConstruct (132)
        + prim::ListUnpack (7)
        + prim::Loop (43)
        + prim::RaiseException (51)
        + prim::TupleConstruct (34)
        + prim::TupleIndex (37)
        + prim::TupleUnpack (19)
        + prim::Uninitialized (8)
        + prim::device (2)
        + prim::dtype (18)
        + prim::isinstance (2)
        + prim::max (9)
        + prim::min (13)
        + prim::unchecked_cast (20)
    - "quantized::*": not found
    - "caffe2::*": not found
    - "aten::*": 63 distinct names (name [count])
        + aten::__and__ (9)
        + aten::__contains__ (22)
        + aten::__getitem__ (426)
        + aten::__is__ (9)
        + aten::__not__ (23)
        + aten::__round_to_zero_floordiv (16)
        + aten::_set_item (106)
        + aten::add (261)
        + aten::add_ (31)
        + aten::append (170)
        + aten::bitwise_not (6)
        + aten::bmm (12)
        + aten::cat (12)
        + aten::contiguous (24)
        + aten::cumsum (1)
        + aten::detach (10)
        + aten::device (2)
        + aten::dim (43)
        + aten::dropout (27)
        + aten::embedding (2)
        + aten::eq (100)
        + aten::ge (9)
        + aten::gelu (6)
        + aten::get (9)
        + aten::gt (9)
        + aten::index_select (6)
        + aten::isnan (9)
        + aten::items (2)
        + aten::keys (2)
        + aten::layer_norm (16)
        + aten::leaky_relu (1)
        + aten::len (39)
        + aten::list (12)
        + aten::logical_and (6)
        + aten::logical_or (6)
        + aten::lt (11)
        + aten::masked_fill (15)
        + aten::matmul (153)
        + aten::mm (31)
        + aten::mul (88)
        + aten::mul_ (10)
        + aten::ne (3)
        + aten::neg (19)
        + aten::ones (18)
        + aten::ones_like (24)
        + aten::permute (2)
        + aten::relu (2)
        + aten::select (11)
        + aten::size (51)
        + aten::slice (3)
        + aten::softmax (10)
        + aten::squeeze (2)
        + aten::stack (13)
        + aten::str (2)
        + aten::sub (16)
        + aten::t (182)
        + aten::tensor (21)
        + aten::to (104)
        + aten::transpose (40)
        + aten::type_as (13)
        + aten::unsqueeze (14)
        + aten::update (20)
        + aten::view (39)
    - "prim::GetAttr": 93 distinct attr names (attr [count])
        + "0" (27)
        + "1" (17)
        + "2" (24)
        + "3" (24)
        + "4" (22)
        + "5" (16)
        + "6" (12)
        + "7" (12)
        + "8" (12)
        + "9" (12)
        + "adversarial" (1)
        + "attention" (6)
        + "attention_layer_norm" (6)
        + "bias" (47)
        + "bool_default" (6)
        + "categories" (3)
        + "channel_name" (8)
        + "classes_per_export_task" (1)
        + "dense_feat_name" (1)
        + "dense_feature_with_default_profile_ig" (1)
        + "dense_feature_with_default_profile_xray" (1)
        + "dense_feature_with_default_wpie_exploded" (1)
        + "dense_feature_with_default_wpie_probs" (1)
        + "dense_feature_with_default_xray_concept_exploded" (1)
        + "dense_feature_with_default_xray_hash_exploded" (1)
        + "device" (1)
        + "dropout" (13)
        + "dtype" (6)
        + "dummy_fusion" (1)
        + "embed_dim" (6)
        + "embedder" (2)
        + "embedding" (1)
        + "embedding_layer_norm" (1)
        + "encoded_feature_key" (20)
        + "encoders" (3)
        + "eos_token" (2)
        + "export_embedding_dims" (1)
        + "export_embedding_key_names" (1)
        + "factors" (2)
        + "factors_output_dim" (2)
        + "faim_classifier" (1)
        + "final_layer_norm" (6)
        + "float_default" (6)
        + "fusion_bias" (2)
        + "fusion_model_name" (6)
        + "fusion_to_encoders" (2)
        + "fusion_weights" (2)
        + "head_dim" (6)
        + "input_projection" (6)
        + "int_default" (6)
        + "int_single_default" (6)
        + "invocations" (1)
        + "is_int_single" (6)
        + "is_token_feature" (5)
        + "itos" (1)
        + "layer_embedding_suffix" (2)
        + "layers" (1)
        + "main" (1)
        + "mlp" (6)
        + "model" (6)
        + "module" (1)
        + "num_heads" (6)
        + "output_dim" (5)
        + "output_projection" (6)
        + "pad_index" (1)
        + "padding_idx" (4)
        + "positional_embedding" (1)
        + "post_embedder" (2)
        + "processor" (9)
        + "proj" (1)
        + "projection" (4)
        + "residual_mlp" (6)
        + "scaling" (6)
        + "sos_token" (2)
        + "stoi" (9)
        + "submodule" (1)
        + "task_models" (1)
        + "task_to_id" (4)
        + "tasks_to_export" (1)
        + "text_feat_name" (1)
        + "text_feat_seq_len" (1)
        + "token_embedding" (1)
        + "tokenizer" (2)
        + "torchscript_model" (1)
        + "training" (27)
        + "transformer" (1)
        + "unknown_idx" (9)
        + "use_mini_length_pad" (1)
        + "vocab" (2)
        + "weight" (169)
        + "xray_concept_exploded" (1)
        + "xray_concept_user_profile_exploded" (1)
        + "xray_hash_exploded" (1)
