=======================================================================================================
Note: "others" is the sum of unreported ops (block*() block-ret return graph graph-others )
=======================================================================================================
Logfile (ir counts)    aten::*     prim::*     fb::*    quantized::*    internal::*    caffe2::*    if         loop      call    setattr    getattr    all [others]
---------------------  ----------  ----------  -------  --------------  -------------  -----------  ---------  --------  ------  ---------  ---------  --------------
graph_39.txt           2192 (49%)  1151 (26%)  -        -               11 ( 0%)       -            258 ( 6%)  49 ( 1%)  -       -          518 (12%)  4487 [1133]
-------------------------------------------------------------------------------------------------------

Detailed op stats for [graph_39.txt]
    - "prim::Loop": 12 distinct sources (source:line [count])
        + /mnt/xarfuse/uid-202090/64337e70-seed-327e3633-8ad0-42b1-9d50-123325d9a399-ns-4026534173/faim/core/multi_model.py:61 [2]
        + /mnt/xarfuse/uid-202090/64337e70-seed-327e3633-8ad0-42b1-9d50-123325d9a399-ns-4026534173/faim/core/multi_model.py:69 [2]
        + /mnt/xarfuse/uid-202090/64337e70-seed-327e3633-8ad0-42b1-9d50-123325d9a399-ns-4026534173/faim/core/multi_model.py:78 [30]
        + /mnt/xarfuse/uid-202090/64337e70-seed-327e3633-8ad0-42b1-9d50-123325d9a399-ns-4026534173/fblearner/flow/projects/fluent2/definition/transformers/contrib/faim/faim_predictor.py:164 [2]
        + /mnt/xarfuse/uid-202090/64337e70-seed-327e3633-8ad0-42b1-9d50-123325d9a399-ns-4026534173/fblearner/flow/projects/fluent2/definition/transformers/contrib/faim/faim_predictor.py:283 [2]
        + /mnt/xarfuse/uid-202090/64337e70-seed-327e3633-8ad0-42b1-9d50-123325d9a399-ns-4026534173/fblearner/flow/projects/fluent2/definition/transformers/contrib/faim/faim_utils.py:165 [2]
        + /mnt/xarfuse/uid-202090/64337e70-seed-327e3633-8ad0-42b1-9d50-123325d9a399-ns-4026534173/fblearner/flow/projects/fluent2/definition/transformers/contrib/faim/faim_utils.py:202 [2]
        + /mnt/xarfuse/uid-202090/64337e70-seed-327e3633-8ad0-42b1-9d50-123325d9a399-ns-4026534173/fblearner/flow/projects/fluent2/definition/transformers/contrib/faim/faim_utils.py:236 [2]
        + /mnt/xarfuse/uid-202090/64337e70-seed-327e3633-8ad0-42b1-9d50-123325d9a399-ns-4026534173/fblearner/flow/projects/fluent2/definition/transformers/contrib/faim/faim_utils.py:257 [1]
        + /mnt/xarfuse/uid-202090/64337e70-seed-327e3633-8ad0-42b1-9d50-123325d9a399-ns-4026534173/multimo/datasets/transform_utils.py:152 [1]
        + /mnt/xarfuse/uid-202090/64337e70-seed-327e3633-8ad0-42b1-9d50-123325d9a399-ns-4026534173/multimo/datasets/transform_utils.py:157 [1]
        + /mnt/xarfuse/uid-202090/64337e70-seed-327e3633-8ad0-42b1-9d50-123325d9a399-ns-4026534173/multimo/datasets/transform_utils.py:38 [2]
    - "prim::CallMethod": 0 found
    - "prim::If": 27 distinct sources (source:line [count])
        + /mnt/xarfuse/uid-202090/64337e70-seed-327e3633-8ad0-42b1-9d50-123325d9a399-ns-4026534173/faim/core/multi_model.py:70 [9]
        + /mnt/xarfuse/uid-202090/64337e70-seed-327e3633-8ad0-42b1-9d50-123325d9a399-ns-4026534173/faim/core/multi_model.py:79 [135]
        + /mnt/xarfuse/uid-202090/64337e70-seed-327e3633-8ad0-42b1-9d50-123325d9a399-ns-4026534173/faim/encoder/non_temporal/category/weighted_embedding_bag_encoder.py:58 [4]
        + /mnt/xarfuse/uid-202090/64337e70-seed-327e3633-8ad0-42b1-9d50-123325d9a399-ns-4026534173/faim/encoder/non_temporal/category/weighted_embedding_bag_encoder.py:65 [4]
        + /mnt/xarfuse/uid-202090/64337e70-seed-327e3633-8ad0-42b1-9d50-123325d9a399-ns-4026534173/faim/encoder/non_temporal/category/weighted_embedding_bag_encoder.py:76 [4]
        + /mnt/xarfuse/uid-202090/64337e70-seed-327e3633-8ad0-42b1-9d50-123325d9a399-ns-4026534173/faim/encoder/non_temporal/category/weighted_embedding_bag_encoder.py:84 [4]
        + /mnt/xarfuse/uid-202090/64337e70-seed-327e3633-8ad0-42b1-9d50-123325d9a399-ns-4026534173/faim/encoder/non_temporal/category/weighted_embedding_bag_encoder.py:86 [4]
        + /mnt/xarfuse/uid-202090/64337e70-seed-327e3633-8ad0-42b1-9d50-123325d9a399-ns-4026534173/fblearner/flow/projects/fluent2/definition/transformers/contrib/faim/faim_predictor.py:155 [1]
        + /mnt/xarfuse/uid-202090/64337e70-seed-327e3633-8ad0-42b1-9d50-123325d9a399-ns-4026534173/fblearner/flow/projects/fluent2/definition/transformers/contrib/faim/faim_predictor.py:163 [1]
        + /mnt/xarfuse/uid-202090/64337e70-seed-327e3633-8ad0-42b1-9d50-123325d9a399-ns-4026534173/fblearner/flow/projects/fluent2/definition/transformers/contrib/faim/faim_predictor.py:282 [1]
        + /mnt/xarfuse/uid-202090/64337e70-seed-327e3633-8ad0-42b1-9d50-123325d9a399-ns-4026534173/fblearner/flow/projects/fluent2/definition/transformers/contrib/faim/faim_utils.py:169 [1]
        + /mnt/xarfuse/uid-202090/64337e70-seed-327e3633-8ad0-42b1-9d50-123325d9a399-ns-4026534173/fblearner/flow/projects/fluent2/definition/transformers/contrib/faim/faim_utils.py:203 [9]
        + /mnt/xarfuse/uid-202090/64337e70-seed-327e3633-8ad0-42b1-9d50-123325d9a399-ns-4026534173/fblearner/flow/projects/fluent2/definition/transformers/contrib/faim/faim_utils.py:256 [1]
        + /mnt/xarfuse/uid-202090/64337e70-seed-327e3633-8ad0-42b1-9d50-123325d9a399-ns-4026534173/fblearner/flow/projects/fluent2/definition/transformers/contrib/faim/faim_utils.py:259 [1]
        + /mnt/xarfuse/uid-202090/64337e70-seed-327e3633-8ad0-42b1-9d50-123325d9a399-ns-4026534173/fblearner/flow/projects/fluent2/definition/transformers/contrib/faim/faim_utils.py:261 [1]
        + /mnt/xarfuse/uid-202090/64337e70-seed-327e3633-8ad0-42b1-9d50-123325d9a399-ns-4026534173/fblearner/flow/projects/fluent2/definition/transformers/contrib/faim/faim_utils.py:266 [1]
        + /mnt/xarfuse/uid-202090/64337e70-seed-327e3633-8ad0-42b1-9d50-123325d9a399-ns-4026534173/fblearner/flow/projects/fluent2/definition/transformers/contrib/faim/faim_utils.py:278 [1]
        + /mnt/xarfuse/uid-202090/64337e70-seed-327e3633-8ad0-42b1-9d50-123325d9a399-ns-4026534173/multimo/datasets/transform_utils.py:122 [2]
        + /mnt/xarfuse/uid-202090/64337e70-seed-327e3633-8ad0-42b1-9d50-123325d9a399-ns-4026534173/multimo/datasets/transform_utils.py:158 [1]
        + /mnt/xarfuse/uid-202090/64337e70-seed-327e3633-8ad0-42b1-9d50-123325d9a399-ns-4026534173/multimo/datasets/transform_utils.py:160 [1]
        + /mnt/xarfuse/uid-202090/64337e70-seed-327e3633-8ad0-42b1-9d50-123325d9a399-ns-4026534173/multimo/datasets/transform_utils.py:172 [1]
        + /mnt/xarfuse/uid-202090/64337e70-seed-327e3633-8ad0-42b1-9d50-123325d9a399-ns-4026534173/torch/nn/functional.py:1663 [16]
        + /mnt/xarfuse/uid-202090/64337e70-seed-b996a974-bc59-4a84-816d-c6583f2a38ba-ns-4026533068/fblearner/flow/projects/fluent2/definition/transformers/static_default_value.py:104 [11]
        + /mnt/xarfuse/uid-202090/64337e70-seed-b996a974-bc59-4a84-816d-c6583f2a38ba-ns-4026533068/fblearner/flow/projects/fluent2/definition/transformers/static_default_value.py:79 [11]
        + /mnt/xarfuse/uid-202090/64337e70-seed-b996a974-bc59-4a84-816d-c6583f2a38ba-ns-4026533068/fblearner/flow/projects/fluent2/definition/transformers/static_default_value.py:85 [11]
        + /mnt/xarfuse/uid-202090/64337e70-seed-b996a974-bc59-4a84-816d-c6583f2a38ba-ns-4026533068/fblearner/flow/projects/fluent2/definition/transformers/static_default_value.py:87 [11]
        + :0 [11]
    - "internal::*": 1 distinct names (name [count])
        + internal::explode_int_weighted_multi (11)
    - "fb::*": not found
    - "prim::*": 13 distinct names (name [count])
        + prim::Constant (48)
        + prim::DictConstruct (19)
        + prim::GetAttr (518)
        + prim::If (258)
        + prim::ListConstruct (82)
        + prim::ListUnpack (8)
        + prim::Loop (49)
        + prim::TupleConstruct (63)
        + prim::TupleIndex (38)
        + prim::TupleUnpack (21)
        + prim::Uninitialized (11)
        + prim::dtype (33)
        + prim::unchecked_cast (3)
    - "quantized::*": not found
    - "caffe2::*": not found
    - "aten::*": 60 distinct names (name [count])
        + aten::Int (17)
        + aten::__contains__ (144)
        + aten::__getitem__ (292)
        + aten::__is__ (3)
        + aten::__not__ (9)
        + aten::__round_to_zero_floordiv (23)
        + aten::_set_item (39)
        + aten::add (302)
        + aten::add_ (25)
        + aten::append (41)
        + aten::bitwise_not (11)
        + aten::cat (10)
        + aten::detach (4)
        + aten::device (2)
        + aten::dim (17)
        + aten::div (8)
        + aten::dropout (15)
        + aten::embedding (8)
        + aten::eq (49)
        + aten::find (1)
        + aten::format (135)
        + aten::ge (2)
        + aten::isnan (9)
        + aten::items (2)
        + aten::keys (152)
        + aten::layer_norm (15)
        + aten::len (35)
        + aten::logical_and (11)
        + aten::logical_or (11)
        + aten::lt (1)
        + aten::masked_fill (9)
        + aten::matmul (16)
        + aten::max (4)
        + aten::mean (4)
        + aten::mm (16)
        + aten::mul (105)
        + aten::ne (13)
        + aten::neg (33)
        + aten::ones (11)
        + aten::ones_like (44)
        + aten::relu (15)
        + aten::remainder (8)
        + aten::repeat (2)
        + aten::select (9)
        + aten::sigmoid (1)
        + aten::size (20)
        + aten::slice (15)
        + aten::split (8)
        + aten::squeeze (1)
        + aten::stack (1)
        + aten::sub (35)
        + aten::sum (4)
        + aten::t (32)
        + aten::tensor (40)
        + aten::to (180)
        + aten::unsqueeze (13)
        + aten::update (16)
        + aten::view (1)
        + aten::warn (135)
        + aten::zeros (8)
    - "prim::GetAttr": 75 distinct attr names (attr [count])
        + "0" (13)
        + "1" (1)
        + "10" (2)
        + "11" (2)
        + "12" (2)
        + "13" (1)
        + "14" (2)
        + "15" (1)
        + "2" (13)
        + "3" (13)
        + "4" (2)
        + "5" (1)
        + "6" (2)
        + "7" (2)
        + "8" (2)
        + "9" (1)
        + "attention_weights_dim" (1)
        + "bias" (31)
        + "bool_default" (11)
        + "cadinality" (8)
        + "categories" (11)
        + "channel_name" (23)
        + "classes" (1)
        + "dense_feat_name" (1)
        + "device" (1)
        + "document_embedding_exploded" (1)
        + "document_spm_embedding_exploded" (1)
        + "document_spm_embedding_with_default" (1)
        + "document_xlu_v2_with_default" (1)
        + "drop_weights" (4)
        + "dtype" (11)
        + "embedder" (1)
        + "embedding" (8)
        + "encoded_feature_key" (10)
        + "encoders" (1)
        + "etnad_page_space_embedding_exploded" (1)
        + "etnad_page_space_embedding_with_default" (1)
        + "etnad_topic_distribution_exploded" (1)
        + "etnad_topic_distribution_with_default" (1)
        + "etnad_world2vec_embedding_exploded" (1)
        + "etnad_world2vec_embedding_with_default" (1)
        + "explode_post_topic_distribution" (1)
        + "export_embedding_dim" (1)
        + "fcu_image_hash_exploded" (1)
        + "fcu_image_hash_with_default" (1)
        + "fcu_multimo_i18n_topic_classification_fluent2" (1)
        + "float_default" (11)
        + "fusion_model_name" (138)
        + "int_default" (11)
        + "int_single_default" (11)
        + "invocations" (1)
        + "is_int_single" (11)
        + "layer_embedding_suffix" (2)
        + "mode" (8)
        + "model" (5)
        + "module" (19)
        + "pagespace_embedding_exploded" (1)
        + "pagespace_embedding_with_default" (1)
        + "pool_dim" (12)
        + "post_embedder" (1)
        + "post_topic_distribution_with_default" (1)
        + "projection" (12)
        + "submodule" (1)
        + "torchscript_model" (4)
        + "training" (15)
        + "use_hash" (8)
        + "weight" (39)
        + "weighted_category_feat_length" (1)
        + "weighted_category_feat_name" (1)
        + "world2vec_page_group_embedding_exploded" (1)
        + "world2vec_page_group_embedding_with_default" (1)
        + "xray_image_hash_exploded" (1)
        + "xray_image_hash_with_default" (1)
        + "xray_video_fccv4_embedding_feature_exploded" (1)
        + "xray_video_fccv4_embedding_with_default" (1)
