=======================================================================================================
Note: "others" is the sum of unreported ops (block*() block-ret return graph graph-others )
=======================================================================================================
Logfile (ir counts)    aten::*    prim::*    fb::*    quantized::*    internal::*    caffe2::*    if        loop      call    setattr    getattr    all [others]
---------------------  ---------  ---------  -------  --------------  -------------  -----------  --------  --------  ------  ---------  ---------  --------------
graph_65.txt           530 (58%)  181 (20%)  -        -               -              -            32 ( 3%)  37 ( 4%)  -       -          49 ( 5%)   916 [205]
-------------------------------------------------------------------------------------------------------

Detailed op stats for [graph_65.txt]
    - "prim::Loop": 12 distinct sources (source:line [count])
        + /mnt/xarfuse/uid-204544/9b9e5cde-seed-8fa6ec1f-87db-4890-9d53-e431cafdc4c6-ns-4026534175/fblearner/flow/projects/fluent2/definition/transformers/contrib/pytext/torchscript.py:43 [1]
        + /mnt/xarfuse/uid-204544/9b9e5cde-seed-8fa6ec1f-87db-4890-9d53-e431cafdc4c6-ns-4026534175/fblearner/flow/projects/fluent2/definition/transformers/contrib/pytext/torchscript.py:47 [2]
        + /mnt/xarfuse/uid-204544/9b9e5cde-seed-8fa6ec1f-87db-4890-9d53-e431cafdc4c6-ns-4026534175/fblearner/flow/projects/fluent2/definition/transformers/contrib/pytext/torchscript.py:85 [2]
        + /mnt/xarfuse/uid-204544/9b9e5cde-seed-8fa6ec1f-87db-4890-9d53-e431cafdc4c6-ns-4026534175/pytext/models/output_layers/doc_classification_output_layer.py:127 [1]
        + /mnt/xarfuse/uid-204544/9b9e5cde-seed-8fa6ec1f-87db-4890-9d53-e431cafdc4c6-ns-4026534175/pytext/models/output_layers/doc_classification_output_layer.py:130 [2]
        + /mnt/xarfuse/uid-204544/9b9e5cde-seed-8fa6ec1f-87db-4890-9d53-e431cafdc4c6-ns-4026534175/pytext/torchscript/utils.py:145 [2]
        + /mnt/xarfuse/uid-204544/9b9e5cde-seed-8fa6ec1f-87db-4890-9d53-e431cafdc4c6-ns-4026534175/pytext/torchscript/utils.py:158 [2]
        + /mnt/xarfuse/uid-204544/9b9e5cde-seed-8fa6ec1f-87db-4890-9d53-e431cafdc4c6-ns-4026534175/pytext/torchscript/utils.py:168 [2]
        + /mnt/xarfuse/uid-204544/9b9e5cde-seed-8fa6ec1f-87db-4890-9d53-e431cafdc4c6-ns-4026534175/pytext/torchscript/utils.py:169 [18]
        + /mnt/xarfuse/uid-204544/9b9e5cde-seed-8fa6ec1f-87db-4890-9d53-e431cafdc4c6-ns-4026534175/pytext/torchscript/utils.py:27 [2]
        + /mnt/xarfuse/uid-204544/9b9e5cde-seed-8fa6ec1f-87db-4890-9d53-e431cafdc4c6-ns-4026534175/pytext/torchscript/vocab.py:37 [2]
        + /mnt/xarfuse/uid-204544/9b9e5cde-seed-8fa6ec1f-87db-4890-9d53-e431cafdc4c6-ns-4026534175/pytext/torchscript/vocab.py:44 [1]
    - "prim::CallMethod": 0 found
    - "prim::If": 6 distinct sources (source:line [count])
        + /mnt/xarfuse/uid-204544/9b9e5cde-seed-8fa6ec1f-87db-4890-9d53-e431cafdc4c6-ns-4026534175/fblearner/flow/projects/fluent2/definition/transformers/contrib/pytext/torchscript.py:196 [1]
        + /mnt/xarfuse/uid-204544/9b9e5cde-seed-8fa6ec1f-87db-4890-9d53-e431cafdc4c6-ns-4026534175/fblearner/flow/projects/fluent2/definition/transformers/contrib/pytext/torchscript.py:46 [1]
        + /mnt/xarfuse/uid-204544/9b9e5cde-seed-8fa6ec1f-87db-4890-9d53-e431cafdc4c6-ns-4026534175/fblearner/flow/projects/fluent2/definition/transformers/contrib/pytext/torchscript.py:49 [9]
        + /mnt/xarfuse/uid-204544/9b9e5cde-seed-8fa6ec1f-87db-4890-9d53-e431cafdc4c6-ns-4026534175/pytext/torchscript/utils.py:146 [9]
        + /mnt/xarfuse/uid-204544/9b9e5cde-seed-8fa6ec1f-87db-4890-9d53-e431cafdc4c6-ns-4026534175/pytext/torchscript/utils.py:148 [9]
        + /mnt/xarfuse/uid-204544/9b9e5cde-seed-8fa6ec1f-87db-4890-9d53-e431cafdc4c6-ns-4026534175/torch/nn/functional.py:1373 [3]
    - "internal::*": not found
    - "fb::*": not found
    - "prim::*": 11 distinct names (name [count])
        + prim::Constant (21)
        + prim::DictConstruct (1)
        + prim::GetAttr (49)
        + prim::If (32)
        + prim::ListConstruct (19)
        + prim::Loop (37)
        + prim::Print (1)
        + prim::TupleConstruct (1)
        + prim::TupleUnpack (1)
        + prim::max (9)
        + prim::unchecked_cast (10)
    - "quantized::*": not found
    - "caffe2::*": not found
    - "aten::*": 36 distinct names (name [count])
        + aten::Float (9)
        + aten::__getitem__ (87)
        + aten::__isnot__ (10)
        + aten::__round_to_zero_floordiv (17)
        + aten::_cast_Float (1)
        + aten::_convolution (3)
        + aten::_set_item (9)
        + aten::add (74)
        + aten::append (147)
        + aten::cat (2)
        + aten::chunk (1)
        + aten::dim (1)
        + aten::dropout (2)
        + aten::embedding (1)
        + aten::eq (12)
        + aten::exp (1)
        + aten::format (1)
        + aten::get (9)
        + aten::gt (9)
        + aten::index_select (2)
        + aten::item (9)
        + aten::len (40)
        + aten::log_softmax (1)
        + aten::max (3)
        + aten::mm (2)
        + aten::mul (18)
        + aten::relu (4)
        + aten::select (9)
        + aten::slice (9)
        + aten::squeeze (1)
        + aten::sub (27)
        + aten::t (2)
        + aten::tensor (3)
        + aten::transpose (1)
        + aten::unsqueeze (2)
        + aten::warn (1)
    - "prim::GetAttr": 26 distinct attr names (attr [count])
        + "0" (2)
        + "1" (1)
        + "2" (1)
        + "3" (1)
        + "bias" (5)
        + "classes" (10)
        + "convs" (3)
        + "decoder" (1)
        + "embedding" (1)
        + "idx" (2)
        + "invocations" (1)
        + "max_seq_len" (1)
        + "mlp" (1)
        + "model" (1)
        + "output_layer" (1)
        + "pad_idx" (1)
        + "pad_token" (1)
        + "pytext" (1)
        + "representation" (1)
        + "submodule" (1)
        + "true_label" (1)
        + "unk_idx" (2)
        + "vocab" (1)
        + "weight" (6)
        + "word_embedding" (1)
        + "wrapped_model" (1)
