=======================================================================================================
Note: "others" is the sum of unreported ops (block*() block-ret return graph graph-others )
=======================================================================================================
Logfile (ir counts)    aten::*      prim::*     fb::*    quantized::*    internal::*    caffe2::*    if          loop       call    setattr    getattr     all [others]
---------------------  -----------  ----------  -------  --------------  -------------  -----------  ----------  ---------  ------  ---------  ----------  --------------
graph_16.txt           12465 (49%)  7670 (30%)  -        -               -              36 ( 0%)     1069 ( 4%)  446 ( 2%)  -       200 ( 1%)  3801 (15%)  25342 [5171]
-------------------------------------------------------------------------------------------------------

Detailed op stats for [graph_16.txt]
    - "prim::Loop": 4 distinct sources (source:line [count])
        + /mnt/xarfuse/uid-129934/95b6126e-seed-nspid4026531836-ns-4026531840/classy_vision/fb/heads/utils/score_splitter.py:36 [2]
        + /mnt/xarfuse/uid-129934/95b6126e-seed-nspid4026531836-ns-4026531840/classy_vision/fb/heads/xray_oc_generic_head.py:223 [8]
        + /mnt/xarfuse/uid-129934/95b6126e-seed-nspid4026531836-ns-4026531840/classy_vision/fb/models/prod_resnext.py:77 [36]
        + /mnt/xarfuse/uid-129934/95b6126e-seed-nspid4026531836-ns-4026531840/torch/nn/functional.py:2116 [400]
    - "prim::CallMethod": 0 found
    - "prim::If": 23 distinct sources (source:line [count])
        + /mnt/xarfuse/uid-129934/95b6126e-seed-nspid4026531836-ns-4026531840/classy_vision/fb/heads/generic_head.py:111 [10]
        + /mnt/xarfuse/uid-129934/95b6126e-seed-nspid4026531836-ns-4026531840/classy_vision/fb/heads/generic_head.py:114 [11]
        + /mnt/xarfuse/uid-129934/95b6126e-seed-nspid4026531836-ns-4026531840/classy_vision/fb/heads/generic_head.py:120 [11]
        + /mnt/xarfuse/uid-129934/95b6126e-seed-nspid4026531836-ns-4026531840/classy_vision/fb/heads/landing_page_multimodal_head.py:61 [1]
        + /mnt/xarfuse/uid-129934/95b6126e-seed-nspid4026531836-ns-4026531840/classy_vision/fb/heads/xray_oc_generic_head.py:215 [4]
        + /mnt/xarfuse/uid-129934/95b6126e-seed-nspid4026531836-ns-4026531840/classy_vision/fb/heads/xray_oc_generic_head.py:225 [36]
        + /mnt/xarfuse/uid-129934/95b6126e-seed-nspid4026531836-ns-4026531840/classy_vision/fb/models/prod_resnext.py:68 [5]
        + /mnt/xarfuse/uid-129934/95b6126e-seed-nspid4026531836-ns-4026531840/classy_vision/fb/models/prod_resnext.py:71 [18]
        + /mnt/xarfuse/uid-129934/95b6126e-seed-nspid4026531836-ns-4026531840/classy_vision/fb/models/prod_resnext.py:72 [16]
        + /mnt/xarfuse/uid-129934/95b6126e-seed-nspid4026531836-ns-4026531840/classy_vision/fb/models/prod_resnext.py:91 [33]
        + /mnt/xarfuse/uid-129934/95b6126e-seed-nspid4026531836-ns-4026531840/classy_vision/models/resnext.py:110 [96]
        + /mnt/xarfuse/uid-129934/95b6126e-seed-nspid4026531836-ns-4026531840/classy_vision/models/resnext.py:118 [96]
        + /mnt/xarfuse/uid-129934/95b6126e-seed-nspid4026531836-ns-4026531840/fblearner/flow/projects/vision/classy_vision_workflows/embedding_bc/heads/oneblock_head.py:336 [1]
        + /mnt/xarfuse/uid-129934/95b6126e-seed-nspid4026531836-ns-4026531840/fblearner/flow/projects/vision/classy_vision_workflows/embedding_bc/heads/oneblock_head.py:340 [1]
        + /mnt/xarfuse/uid-129934/95b6126e-seed-nspid4026531836-ns-4026531840/fblearner/flow/projects/vision/classy_vision_workflows/embedding_bc/heads/oneblock_head.py:88 [1]
        + /mnt/xarfuse/uid-129934/95b6126e-seed-nspid4026531836-ns-4026531840/fblearner/flow/projects/vision/classy_vision_workflows/embedding_bc/heads/oneblock_head.py:91 [1]
        + /mnt/xarfuse/uid-129934/95b6126e-seed-nspid4026531836-ns-4026531840/fblearner/flow/projects/vision/classy_vision_workflows/embedding_bc/heads/oneblock_head.py:94 [1]
        + /mnt/xarfuse/uid-129934/95b6126e-seed-nspid4026531836-ns-4026531840/torch/nn/functional.py:1753 [46]
        + /mnt/xarfuse/uid-129934/95b6126e-seed-nspid4026531836-ns-4026531840/torch/nn/functional.py:2118 [200]
        + /mnt/xarfuse/uid-129934/95b6126e-seed-nspid4026531836-ns-4026531840/torch/nn/functional.py:2151 [200]
        + /mnt/xarfuse/uid-129934/95b6126e-seed-nspid4026531836-ns-4026531840/torch/nn/modules/batchnorm.py:110 [200]
        + /mnt/xarfuse/uid-129934/95b6126e-seed-nspid4026531836-ns-4026531840/torch/nn/modules/batchnorm.py:284 [63]
        + <string>:5 [18]
    - "internal::*": not found
    - "fb::*": not found
    - "prim::*": 15 distinct names (name [count])
        + prim::Constant (1580)
        + prim::DictConstruct (22)
        + prim::GetAttr (3801)
        + prim::If (1069)
        + prim::ListConstruct (48)
        + prim::ListUnpack (1)
        + prim::Loop (446)
        + prim::RaiseException (281)
        + prim::SetAttr (200)
        + prim::TupleUnpack (172)
        + prim::device (6)
        + prim::dtype (4)
        + prim::is_mkldnn (5)
        + prim::min (4)
        + prim::unchecked_cast (31)
    - "quantized::*": not found
    - "caffe2::*": 1 distinct names (name [count])
        + caffe2::PiecewiseLinearTransform (36)
    - "aten::*": 59 distinct names (name [count])
        + aten::__contains__ (87)
        + aten::__getitem__ (2362)
        + aten::__is__ (16)
        + aten::__not__ (4)
        + aten::__or__ (1)
        + aten::__round_to_zero_floordiv (223)
        + aten::_set_item (282)
        + aten::adaptive_avg_pool2d (18)
        + aten::add (4054)
        + aten::add_ (144)
        + aten::append (72)
        + aten::argmax (1)
        + aten::batch_norm (304)
        + aten::cat (23)
        + aten::ceil (10)
        + aten::clamp (10)
        + aten::clamp_min (4)
        + aten::contiguous (36)
        + aten::conv2d (200)
        + aten::copy (5)
        + aten::detach (39)
        + aten::dim (172)
        + aten::div (4)
        + aten::empty (4)
        + aten::eq (246)
        + aten::expand (1)
        + aten::expand_as (4)
        + aten::format (425)
        + aten::gt (30)
        + aten::index_select (9)
        + aten::items (19)
        + aten::keys (8)
        + aten::len (241)
        + aten::list (4)
        + aten::matmul (47)
        + aten::max_pool2d (1)
        + aten::min (1)
        + aten::mkldnn_convolution (104)
        + aten::mm (46)
        + aten::mul (2027)
        + aten::ne (63)
        + aten::norm (4)
        + aten::ones (1)
        + aten::relu (4)
        + aten::relu_ (289)
        + aten::reshape (17)
        + aten::scatter_ (1)
        + aten::sigmoid (19)
        + aten::size (238)
        + aten::softmax (7)
        + aten::split (4)
        + aten::sub (426)
        + aten::t (92)
        + aten::to_dense (5)
        + aten::to_mkldnn (1)
        + aten::update (1)
        + aten::view (2)
        + aten::where (1)
        + aten::zeros (2)
    - "prim::GetAttr": 111 distinct attr names (attr [count])
        + "0" (137)
        + "1" (132)
        + "2" (16)
        + "3" (103)
        + "4" (103)
        + "5" (6)
        + "6" (101)
        + "7" (4)
        + "8" (4)
        + "_attachable_block_names" (1)
        + "_considered_verticals_mask" (2)
        + "_heads" (1)
        + "_linear" (10)
        + "_model" (1)
        + "_module" (6)
        + "_net" (1)
        + "_no_verticals_mask" (1)
        + "_normalize" (1)
        + "_output_index_map" (1)
        + "ads_ranking_v2" (1)
        + "bi_image_embedding_v0" (1)
        + "bi_image_sexual_v0" (1)
        + "bias" (656)
        + "block" (1)
        + "block0-0" (1)
        + "block0-1" (1)
        + "block0-2" (1)
        + "block1-0" (1)
        + "block1-1" (1)
        + "block1-2" (1)
        + "block1-3" (1)
        + "block2-0" (1)
        + "block2-1" (1)
        + "block2-10" (1)
        + "block2-11" (1)
        + "block2-12" (1)
        + "block2-13" (1)
        + "block2-14" (1)
        + "block2-15" (1)
        + "block2-16" (2)
        + "block2-17" (1)
        + "block2-18" (1)
        + "block2-19" (1)
        + "block2-2" (1)
        + "block2-20" (1)
        + "block2-21" (1)
        + "block2-22" (2)
        + "block2-3" (1)
        + "block2-4" (1)
        + "block2-5" (1)
        + "block2-6" (1)
        + "block2-7" (1)
        + "block2-8" (1)
        + "block2-9" (1)
        + "block3-0" (2)
        + "block3-1" (2)
        + "block3-2" (2)
        + "blocks" (16)
        + "bn" (96)
        + "bounds" (36)
        + "business_integrity" (1)
        + "calibration_data" (44)
        + "catalyzer_hash" (1)
        + "clusterfit" (1)
        + "concept_names" (4)
        + "convolutional_block" (96)
        + "downsample" (15)
        + "fc" (12)
        + "fc1" (1)
        + "fc2" (1)
        + "fcu_subtopic" (1)
        + "final_bn_relu" (120)
        + "has_concepts" (4)
        + "hash" (1)
        + "initial_block" (1)
        + "invocations" (1)
        + "itq_hash" (9)
        + "landing_page_multimodal" (1)
        + "landing_page_screenshot" (1)
        + "last_conv_features" (11)
        + "mean" (2)
        + "mean_subtraction" (1)
        + "normalization" (1)
        + "num_batches_tracked" (200)
        + "num_blocks" (11)
        + "ones" (1)
        + "parallel_fcs" (4)
        + "perform_rotation" (1)
        + "pool_in_op" (11)
        + "return_hash" (1)
        + "rotation" (1)
        + "running_mean" (304)
        + "running_var" (304)
        + "score_splitter" (1)
        + "search_mkt_uru" (1)
        + "search_mkt_uru_2019a" (1)
        + "search_uru" (1)
        + "search_uru_2019a" (1)
        + "slopes" (36)
        + "submodule" (1)
        + "training" (400)
        + "unique_id" (50)
        + "verticals_nms" (1)
        + "weight" (656)
        + "xray_2018a" (1)
        + "xray_oc" (1)
        + "xray_oc_2019a" (1)
        + "xray_oc_2020a" (1)
        + "xray_oc_2020b" (1)
        + "xrayv10_bc_head" (1)
        + "zeros" (1)
    - "prim::SetAttr": 1 distinct attr names (attr [count])
        + "num_batches_tracked" (200)
