=======================================================================================================
Note: "others" is the sum of unreported ops (block*() block-ret return graph graph-others )
=======================================================================================================
Logfile (ir counts)    aten::*    prim::*    fb::*    quantized::*    internal::*    caffe2::*    if        loop      call    setattr    getattr    all [others]
---------------------  ---------  ---------  -------  --------------  -------------  -----------  --------  --------  ------  ---------  ---------  --------------
graph_50.txt           565 (63%)  199 (22%)  -        -               -              -            12 ( 1%)  38 ( 4%)  -       -          85 (10%)   891 [127]
-------------------------------------------------------------------------------------------------------

Detailed op stats for [graph_50.txt]
    - "prim::Loop": 11 distinct sources (source:line [count])
        + /mnt/xarfuse/uid-200750/edbb4680-seed-6b9fe053-d7f0-422a-b0e3-481f9a914a59-ns-4026533627/pytext/models/output_layers/doc_classification_output_layer.py:117 [1]
        + /mnt/xarfuse/uid-200750/edbb4680-seed-6b9fe053-d7f0-422a-b0e3-481f9a914a59-ns-4026533627/pytext/models/output_layers/doc_classification_output_layer.py:120 [2]
        + /mnt/xarfuse/uid-200750/edbb4680-seed-6b9fe053-d7f0-422a-b0e3-481f9a914a59-ns-4026533627/pytext/utils/torch.py:102 [1]
        + /mnt/xarfuse/uid-200750/edbb4680-seed-6b9fe053-d7f0-422a-b0e3-481f9a914a59-ns-4026533627/pytext/utils/torch.py:15 [4]
        + /mnt/xarfuse/uid-200750/edbb4680-seed-6b9fe053-d7f0-422a-b0e3-481f9a914a59-ns-4026533627/pytext/utils/torch.py:367 [4]
        + /mnt/xarfuse/uid-200750/edbb4680-seed-6b9fe053-d7f0-422a-b0e3-481f9a914a59-ns-4026533627/pytext/utils/torch.py:377 [2]
        + /mnt/xarfuse/uid-200750/edbb4680-seed-6b9fe053-d7f0-422a-b0e3-481f9a914a59-ns-4026533627/pytext/utils/torch.py:378 [18]
        + /mnt/xarfuse/uid-200750/edbb4680-seed-6b9fe053-d7f0-422a-b0e3-481f9a914a59-ns-4026533627/pytext/utils/torch.py:419 [1]
        + /mnt/xarfuse/uid-200750/edbb4680-seed-6b9fe053-d7f0-422a-b0e3-481f9a914a59-ns-4026533627/pytext/utils/torch.py:421 [1]
        + /mnt/xarfuse/uid-200750/edbb4680-seed-6b9fe053-d7f0-422a-b0e3-481f9a914a59-ns-4026533627/pytext/utils/torch.py:423 [2]
        + /mnt/xarfuse/uid-200750/edbb4680-seed-6b9fe053-d7f0-422a-b0e3-481f9a914a59-ns-4026533627/pytext/utils/torch.py:95 [2]
    - "prim::CallMethod": 0 found
    - "prim::If": 2 distinct sources (source:line [count])
        + /mnt/xarfuse/uid-200750/edbb4680-seed-6b9fe053-d7f0-422a-b0e3-481f9a914a59-ns-4026533627/pytext/utils/torch.py:426 [9]
        + /mnt/xarfuse/uid-200750/edbb4680-seed-6b9fe053-d7f0-422a-b0e3-481f9a914a59-ns-4026533627/torch/nn/functional.py:1170 [3]
    - "internal::*": not found
    - "fb::*": not found
    - "prim::*": 11 distinct names (name [count])
        + prim::Constant (25)
        + prim::ConstantChunk (1)
        + prim::DictConstruct (1)
        + prim::GetAttr (85)
        + prim::If (12)
        + prim::ListConstruct (15)
        + prim::Loop (38)
        + prim::NumToTensor (2)
        + prim::TupleUnpack (1)
        + prim::max (18)
        + prim::min (1)
    - "quantized::*": not found
    - "caffe2::*": not found
    - "aten::*": 53 distinct names (name [count])
        + aten::Float (9)
        + aten::Int (1)
        + aten::__getitem__ (79)
        + aten::__round_to_zero_floordiv (16)
        + aten::_convolution (5)
        + aten::_pack_padded_sequence (1)
        + aten::_pad_packed_sequence (1)
        + aten::_reshape_from_tensor (2)
        + aten::_set_item (9)
        + aten::_shape_as_tensor (1)
        + aten::add (87)
        + aten::add_ (1)
        + aten::append (110)
        + aten::bmm (1)
        + aten::cat (4)
        + aten::chunk (1)
        + aten::copy_ (9)
        + aten::dim (1)
        + aten::dropout (3)
        + aten::embedding (2)
        + aten::empty_like (1)
        + aten::eq (12)
        + aten::format (1)
        + aten::get (9)
        + aten::index_select (3)
        + aten::item (9)
        + aten::len (37)
        + aten::log_softmax (1)
        + aten::lstm (1)
        + aten::matmul (3)
        + aten::max (5)
        + aten::mm (5)
        + aten::mul (19)
        + aten::ord (9)
        + aten::relu (9)
        + aten::scatter_ (1)
        + aten::select (37)
        + aten::sigmoid (1)
        + aten::size (5)
        + aten::slice (1)
        + aten::softmax (1)
        + aten::sort (1)
        + aten::squeeze (2)
        + aten::sub (28)
        + aten::t (8)
        + aten::tanh (1)
        + aten::tensor (2)
        + aten::to (2)
        + aten::transpose (1)
        + aten::unsqueeze (1)
        + aten::view (3)
        + aten::warn (1)
        + aten::zeros (2)
    - "prim::GetAttr": 40 distinct attr names (attr [count])
        + "0" (6)
        + "1" (2)
        + "2" (2)
        + "3" (1)
        + "4" (2)
        + "attention" (1)
        + "bias" (11)
        + "bias_hh_l0" (1)
        + "bias_hh_l0_reverse" (1)
        + "bias_ih_l0" (1)
        + "bias_ih_l0_reverse" (1)
        + "byte_offset_for_non_padding" (1)
        + "char_embed" (1)
        + "classes" (10)
        + "convs" (1)
        + "decoder" (1)
        + "embedding" (1)
        + "highway" (1)
        + "idx" (2)
        + "invocations" (1)
        + "layers" (1)
        + "lstm" (2)
        + "max_byte_len" (1)
        + "mlp" (2)
        + "model" (1)
        + "output_layer" (1)
        + "pad_idx" (1)
        + "projection" (1)
        + "representation" (1)
        + "submodule" (1)
        + "unk_idx" (2)
        + "vocab" (1)
        + "weight" (15)
        + "weight_hh_l0" (1)
        + "weight_hh_l0_reverse" (1)
        + "weight_ih_l0" (1)
        + "weight_ih_l0_reverse" (1)
        + "word_embedding" (1)
        + "ws1" (1)
        + "ws2" (1)
