=======================================================================================================
Note: "others" is the sum of unreported ops (block*() block-ret return graph graph-others )
=======================================================================================================
Logfile (ir counts)    aten::*     prim::*     fb::*    quantized::*    internal::*    caffe2::*    if         loop      call     setattr    getattr    all [others]
---------------------  ----------  ----------  -------  --------------  -------------  -----------  ---------  --------  -------  ---------  ---------  --------------
graph_26.txt           3822 (27%)  6452 (46%)  -        -               1 ( 0%)        -            885 ( 6%)  43 ( 0%)  1 ( 0%)  -          138 ( 1%)  13904 [3629]
-------------------------------------------------------------------------------------------------------

Detailed op stats for [graph_26.txt]
    - "prim::Loop": 21 distinct sources (source:line [count])
        + /mnt/xarfuse/uid-199437/d8622fee-seed-8a88d662-07f8-4906-bb46-8479dbc881d8-ns-4026534168/faim/core/multi_model.py:61 [4]
        + /mnt/xarfuse/uid-199437/d8622fee-seed-8a88d662-07f8-4906-bb46-8479dbc881d8-ns-4026534168/faim/core/multi_model.py:69 [4]
        + /mnt/xarfuse/uid-199437/d8622fee-seed-8a88d662-07f8-4906-bb46-8479dbc881d8-ns-4026534168/faim/task/non_temporal/mtl_classifier.py:127 [2]
        + /mnt/xarfuse/uid-199437/d8622fee-seed-8a88d662-07f8-4906-bb46-8479dbc881d8-ns-4026534168/faim/task/non_temporal/mtl_classifier.py:80 [4]
        + /mnt/xarfuse/uid-199437/d8622fee-seed-8a88d662-07f8-4906-bb46-8479dbc881d8-ns-4026534168/multimo/datasets/transform_utils.py:38 [2]
        + /mnt/xarfuse/uid-199437/d8622fee-seed-8a88d662-07f8-4906-bb46-8479dbc881d8-ns-4026534168/multimo/text/vocab/vocab.py:267 [1]
        + /mnt/xarfuse/uid-199437/d8622fee-seed-8a88d662-07f8-4906-bb46-8479dbc881d8-ns-4026534168/multimo/text/vocab/vocab.py:286 [2]
        + /mnt/xarfuse/uid-199437/d8622fee-seed-8a88d662-07f8-4906-bb46-8479dbc881d8-ns-4026534168/multimo/text/vocab/vocab.py:290 [1]
        + fblearner.flow.fluent2.diffcanary@033078b/fluent2/definition/transformers/explode_categories.py:386 [2]
        + fblearner.flow.fluent2.diffcanary@033078b/fluent2/definition/transformers/explode_categories.py:389 [2]
        + fblearner.flow.fluent2.diffcanary@033078b/fluent2/definition/transformers/explode_list.py:343 [1]
        + fblearner.flow.fluent2.diffcanary@033078b/fluent2/definition/transformers/pack_features_to_tensor.py:100 [2]
        + fblearner.flow.fluent2.diffcanary@033078b/fluent2/definition/transformers/pack_features_to_tensor.py:121 [2]
        + fblearner.flow.fluent2.diffcanary@033078b/fluent2/definition/transformers/pack_features_to_tensor.py:92 [2]
        + fblearner.flow.fluent2.diffcanary@033078b/fluent2/definition/transformers/static_default_value.py:295 [2]
        + fblearner.flow.fluent2.diffcanary@033078b/fluent2/definition/transformers/static_default_value.py:333 [2]
        + fblearner.flow.fluent2.diffcanary@7267f16/fluent2/definition/transformers/contrib/faim/faim_predictor.py:494 [1]
        + fblearner.flow.fluent2.diffcanary@7267f16/fluent2/definition/transformers/contrib/faim/faim_utils.py:154 [2]
        + fblearner.flow.fluent2.diffcanary@7267f16/fluent2/definition/transformers/contrib/faim/faim_utils.py:189 [2]
        + fblearner.flow.fluent2.diffcanary@7267f16/fluent2/definition/transformers/contrib/faim/faim_utils.py:221 [2]
        + fblearner.flow.fluent2.diffcanary@7267f16/fluent2/definition/transformers/contrib/faim/faim_utils.py:242 [1]
    - "prim::CallMethod": 1 distinct sources (source:line [count])
        + :0 [1]
    - "prim::If": 29 distinct sources (source:line [count])
        + /mnt/xarfuse/uid-199437/d8622fee-seed-8a88d662-07f8-4906-bb46-8479dbc881d8-ns-4026534168/faim/core/multi_model.py:70 [18]
        + /mnt/xarfuse/uid-199437/d8622fee-seed-8a88d662-07f8-4906-bb46-8479dbc881d8-ns-4026534168/faim/module/non_temporal/docnn.py:148 [1]
        + /mnt/xarfuse/uid-199437/d8622fee-seed-8a88d662-07f8-4906-bb46-8479dbc881d8-ns-4026534168/faim/task/non_temporal/mtl_classifier.py:129 [18]
        + /mnt/xarfuse/uid-199437/d8622fee-seed-8a88d662-07f8-4906-bb46-8479dbc881d8-ns-4026534168/faim/task/non_temporal/mtl_classifier.py:132 [9]
        + /mnt/xarfuse/uid-199437/d8622fee-seed-8a88d662-07f8-4906-bb46-8479dbc881d8-ns-4026534168/faim/task/non_temporal/mtl_classifier.py:67 [2]
        + /mnt/xarfuse/uid-199437/d8622fee-seed-8a88d662-07f8-4906-bb46-8479dbc881d8-ns-4026534168/faim/task/non_temporal/mtl_classifier.py:74 [2]
        + /mnt/xarfuse/uid-199437/d8622fee-seed-8a88d662-07f8-4906-bb46-8479dbc881d8-ns-4026534168/multimo/text/vocab/vocab.py:266 [1]
        + /mnt/xarfuse/uid-199437/d8622fee-seed-8a88d662-07f8-4906-bb46-8479dbc881d8-ns-4026534168/multimo/text/vocab/vocab.py:268 [1]
        + /mnt/xarfuse/uid-199437/d8622fee-seed-8a88d662-07f8-4906-bb46-8479dbc881d8-ns-4026534168/multimo/text/vocab/vocab.py:270 [1]
        + /mnt/xarfuse/uid-199437/d8622fee-seed-8a88d662-07f8-4906-bb46-8479dbc881d8-ns-4026534168/multimo/text/vocab/vocab.py:284 [1]
        + /mnt/xarfuse/uid-199437/d8622fee-seed-8a88d662-07f8-4906-bb46-8479dbc881d8-ns-4026534168/multimo/text/vocab/vocab.py:287 [9]
        + /mnt/xarfuse/uid-199437/d8622fee-seed-8a88d662-07f8-4906-bb46-8479dbc881d8-ns-4026534168/torch/nn/functional.py:1680 [7]
        + /mnt/xarfuse/uid-199437/d8622fee-seed-8a88d662-07f8-4906-bb46-8479dbc881d8-ns-4026534168/torch/nn/modules/rnn.py:172 [1]
        + /mnt/xarfuse/uid-199437/d8622fee-seed-8a88d662-07f8-4906-bb46-8479dbc881d8-ns-4026534168/torch/nn/modules/rnn.py:176 [1]
        + /mnt/xarfuse/uid-199437/d8622fee-seed-8a88d662-07f8-4906-bb46-8479dbc881d8-ns-4026534168/torch/nn/modules/rnn.py:194 [2]
        + fblearner.flow.fluent2.diffcanary@033078b/fluent2/definition/transformers/explode_categories.py:391 [2]
        + fblearner.flow.fluent2.diffcanary@033078b/fluent2/definition/transformers/explode_categories.py:392 [2]
        + fblearner.flow.fluent2.diffcanary@033078b/fluent2/definition/transformers/explode_categories.py:394 [2]
        + fblearner.flow.fluent2.diffcanary@033078b/fluent2/definition/transformers/explode_categories.py:395 [2]
        + fblearner.flow.fluent2.diffcanary@033078b/fluent2/definition/transformers/pack_features_to_tensor.py:123 [9]
        + fblearner.flow.fluent2.diffcanary@033078b/fluent2/definition/transformers/pack_features_to_tensor.py:125 [9]
        + fblearner.flow.fluent2.diffcanary@033078b/fluent2/definition/transformers/static_default_value.py:277 [1]
        + fblearner.flow.fluent2.diffcanary@7267f16/fluent2/definition/transformers/contrib/faim/faim_utils.py:190 [9]
        + fblearner.flow.fluent2.diffcanary@7267f16/fluent2/definition/transformers/contrib/faim/faim_utils.py:241 [1]
        + fblearner.flow.fluent2.diffcanary@7267f16/fluent2/definition/transformers/contrib/faim/faim_utils.py:244 [1]
        + fblearner.flow.fluent2.diffcanary@7267f16/fluent2/definition/transformers/contrib/faim/faim_utils.py:246 [1]
        + fblearner.flow.fluent2.diffcanary@7267f16/fluent2/definition/transformers/contrib/faim/faim_utils.py:251 [1]
        + fblearner.flow.fluent2.diffcanary@7267f16/fluent2/definition/transformers/contrib/faim/faim_utils.py:263 [1]
        + <missing-source> [770]
    - "internal::*": 1 distinct names (name [count])
        + internal::explode_fixed_length_variable_length_tensor_float (1)
    - "fb::*": not found
    - "prim::*": 18 distinct names (name [count])
        + prim::CallMethod (1)
        + prim::Constant (546)
        + prim::DictConstruct (13)
        + prim::GetAttr (138)
        + prim::If (885)
        + prim::ListConstruct (68)
        + prim::Loop (43)
        + prim::RaiseException (792)
        + prim::TupleConstruct (36)
        + prim::TupleIndex (1569)
        + prim::TupleUnpack (4)
        + prim::Uninitialized (771)
        + prim::device (5)
        + prim::dtype (6)
        + prim::isinstance (770)
        + prim::max (9)
        + prim::min (4)
        + prim::unchecked_cast (792)
    - "quantized::*": not found
    - "caffe2::*": not found
    - "aten::*": 61 distinct names (name [count])
        + aten::Float (2)
        + aten::Int (8)
        + aten::__and__ (1)
        + aten::__contains__ (22)
        + aten::__getitem__ (1302)
        + aten::__is__ (3)
        + aten::__isnot__ (19)
        + aten::__not__ (18)
        + aten::__round_to_zero_floordiv (15)
        + aten::_set_item (50)
        + aten::add (170)
        + aten::add_ (16)
        + aten::append (101)
        + aten::argmax (2)
        + aten::cat (10)
        + aten::conv1d (1)
        + aten::copy_ (4)
        + aten::detach (3)
        + aten::dim (9)
        + aten::embedding (1)
        + aten::eq (49)
        + aten::expand (4)
        + aten::extend (2)
        + aten::find (1)
        + aten::ge (1)
        + aten::get (1)
        + aten::gt (1)
        + aten::index_select (1542)
        + aten::isnan (9)
        + aten::keys (4)
        + aten::layer_norm (4)
        + aten::len (64)
        + aten::list (1)
        + aten::lstm (1)
        + aten::lt (5)
        + aten::masked_fill (9)
        + aten::matmul (7)
        + aten::max (2)
        + aten::mm (7)
        + aten::mul (30)
        + aten::narrow (9)
        + aten::ne (15)
        + aten::neg (1)
        + aten::ones (10)
        + aten::ones_like (1)
        + aten::permute (2)
        + aten::relu (5)
        + aten::repeat (2)
        + aten::select (52)
        + aten::size (33)
        + aten::slice (39)
        + aten::softmax (4)
        + aten::squeeze (1)
        + aten::sub (16)
        + aten::t (14)
        + aten::tensor (15)
        + aten::to (23)
        + aten::unsqueeze (42)
        + aten::update (20)
        + aten::view (10)
        + aten::zeros (7)
    - "prim::GetAttr": 54 distinct attr names (attr [count])
        + "0" (5)
        + "1" (1)
        + "2" (3)
        + "CONTENT" (1)
        + "VIOLATE" (1)
        + "_flat_weights" (1)
        + "all_keys" (1)
        + "attention_weights_dim" (1)
        + "bias" (12)
        + "categories" (2)
        + "channel_name" (2)
        + "classes" (1)
        + "conv_layer" (1)
        + "convolutions" (1)
        + "dense_feat_name" (1)
        + "dense_feature_defaulted" (1)
        + "dummy_fusion" (1)
        + "embedder" (2)
        + "embedding" (1)
        + "encoded_feature_key" (20)
        + "encoders" (1)
        + "faim" (1)
        + "float_default" (1)
        + "fusion_model_name" (6)
        + "fusion_to_encoders" (2)
        + "general_module" (1)
        + "include_presence_features" (1)
        + "invocations" (1)
        + "layer_embedding_suffix" (2)
        + "lstm" (1)
        + "model" (7)
        + "module" (3)
        + "mtl_output_size" (11)
        + "normalization" (1)
        + "padding_idx" (1)
        + "pooling_layer" (1)
        + "post_embedder" (2)
        + "projection" (5)
        + "stoi" (1)
        + "submodule" (1)
        + "task_models" (1)
        + "task_to_id" (3)
        + "text_feat_name" (1)
        + "text_feat_seq_len" (1)
        + "text_tokenizer" (1)
        + "tokenizer_wrapper" (1)
        + "torchscript_model" (1)
        + "training" (1)
        + "unknown_idx" (2)
        + "use_mini_length_pad" (1)
        + "vocab" (1)
        + "weight" (13)
        + "xray_concept_exploded" (1)
        + "xray_hash_exploded" (1)
