=======================================================================================================
Note: "others" is the sum of unreported ops (block*() block-ret return graph graph-others )
=======================================================================================================
Logfile (ir counts)    aten::*    prim::*    fb::*    quantized::*    internal::*    caffe2::*    if    loop    call    setattr    getattr    all [others]
---------------------  ---------  ---------  -------  --------------  -------------  -----------  ----  ------  ------  ---------  ---------  --------------
graph_2.txt            336 (70%)  144 (30%)  -        -               -              -            -     -       -       -          124 (26%)  483 [3]
-------------------------------------------------------------------------------------------------------

Detailed op stats for [graph_2.txt]
    - "prim::Loop": 0 found
    - "prim::CallMethod": 0 found
    - "prim::If": 0 found
    - "internal::*": not found
    - "fb::*": not found
    - "prim::*": 7 distinct names (name [count])
        + prim::Constant (13)
        + prim::DictConstruct (1)
        + prim::GetAttr (124)
        + prim::ListConstruct (1)
        + prim::ListUnpack (2)
        + prim::TupleConstruct (1)
        + prim::TupleUnpack (2)
    - "quantized::*": not found
    - "caffe2::*": not found
    - "aten::*": 19 distinct names (name [count])
        + aten::__getitem__ (2)
        + aten::add (4)
        + aten::arange (1)
        + aten::cat (1)
        + aten::clamp (3)
        + aten::div (4)
        + aten::eq (98)
        + aten::flatten (1)
        + aten::len (1)
        + aten::log (1)
        + aten::mm (3)
        + aten::mul (104)
        + aten::pow (1)
        + aten::relu (2)
        + aten::size (1)
        + aten::split_with_sizes (2)
        + aten::sub (5)
        + aten::t (3)
        + aten::to (99)
    - "prim::GetAttr": 119 distinct attr names (attr [count])
        + "0" (1)
        + "2" (1)
        + "4" (1)
        + "_auto_parameter_3439_means" (1)
        + "_auto_parameter_3439_stddevs" (1)
        + "_auto_parameter_9757_lambdas" (1)
        + "_auto_parameter_9757_means" (1)
        + "_auto_parameter_9757_shifts" (1)
        + "_auto_parameter_9757_stddevs" (1)
        + "_auto_parameter_9847_enum_values" (1)
        + "_auto_parameter_9848_enum_values" (1)
        + "_auto_parameter_9849_enum_values" (1)
        + "_auto_parameter_9850_enum_values" (1)
        + "_auto_parameter_9851_enum_values" (1)
        + "_auto_parameter_9852_enum_values" (1)
        + "_auto_parameter_9853_enum_values" (1)
        + "_auto_parameter_9854_enum_values" (1)
        + "_auto_parameter_9855_enum_values" (1)
        + "_auto_parameter_9856_enum_values" (1)
        + "_auto_parameter_9857_enum_values" (1)
        + "_auto_parameter_9858_enum_values" (1)
        + "_auto_parameter_9859_enum_values" (1)
        + "_auto_parameter_9860_enum_values" (1)
        + "_auto_parameter_9861_enum_values" (1)
        + "_auto_parameter_9862_enum_values" (1)
        + "_auto_parameter_9863_enum_values" (1)
        + "_auto_parameter_9864_enum_values" (1)
        + "_auto_parameter_9865_enum_values" (1)
        + "_auto_parameter_9866_enum_values" (1)
        + "_auto_parameter_9867_enum_values" (1)
        + "_auto_parameter_9868_enum_values" (1)
        + "_auto_parameter_9869_enum_values" (1)
        + "_auto_parameter_9870_enum_values" (1)
        + "_auto_parameter_9871_enum_values" (1)
        + "_auto_parameter_9872_enum_values" (1)
        + "_auto_parameter_9873_enum_values" (1)
        + "_auto_parameter_9874_enum_values" (1)
        + "_auto_parameter_9875_enum_values" (1)
        + "_auto_parameter_9876_enum_values" (1)
        + "_auto_parameter_9877_enum_values" (1)
        + "_auto_parameter_9878_enum_values" (1)
        + "_auto_parameter_9879_enum_values" (1)
        + "_auto_parameter_9880_enum_values" (1)
        + "_auto_parameter_9881_enum_values" (1)
        + "_auto_parameter_9882_enum_values" (1)
        + "_auto_parameter_9883_enum_values" (1)
        + "_auto_parameter_9884_enum_values" (1)
        + "_auto_parameter_9885_enum_values" (1)
        + "_auto_parameter_9886_enum_values" (1)
        + "_auto_parameter_9887_enum_values" (1)
        + "_auto_parameter_9888_enum_values" (1)
        + "_auto_parameter_9889_enum_values" (1)
        + "_auto_parameter_9890_enum_values" (1)
        + "_auto_parameter_9891_enum_values" (1)
        + "_auto_parameter_9892_enum_values" (1)
        + "_auto_parameter_9893_enum_values" (1)
        + "_auto_parameter_9894_enum_values" (1)
        + "_auto_parameter_9895_enum_values" (1)
        + "_auto_parameter_9896_enum_values" (1)
        + "_auto_parameter_9897_enum_values" (1)
        + "_auto_parameter_9898_enum_values" (1)
        + "_auto_parameter_9899_enum_values" (1)
        + "_auto_parameter_9900_enum_values" (1)
        + "_auto_parameter_9901_enum_values" (1)
        + "_auto_parameter_9902_enum_values" (1)
        + "_auto_parameter_9903_enum_values" (1)
        + "_auto_parameter_9904_enum_values" (1)
        + "_auto_parameter_9905_enum_values" (1)
        + "_auto_parameter_9906_enum_values" (1)
        + "_auto_parameter_9907_enum_values" (1)
        + "_auto_parameter_9908_enum_values" (1)
        + "_auto_parameter_9909_enum_values" (1)
        + "_auto_parameter_9910_enum_values" (1)
        + "_auto_parameter_9911_enum_values" (1)
        + "_auto_parameter_9912_enum_values" (1)
        + "_auto_parameter_9913_enum_values" (1)
        + "_auto_parameter_9914_enum_values" (1)
        + "_auto_parameter_9915_enum_values" (1)
        + "_auto_parameter_9916_enum_values" (1)
        + "_auto_parameter_9917_enum_values" (1)
        + "_auto_parameter_9918_enum_values" (1)
        + "_auto_parameter_9919_enum_values" (1)
        + "_auto_parameter_9920_enum_values" (1)
        + "_auto_parameter_9921_enum_values" (1)
        + "_auto_parameter_9922_enum_values" (1)
        + "_auto_parameter_9923_enum_values" (1)
        + "_auto_parameter_9924_enum_values" (1)
        + "_auto_parameter_9925_enum_values" (1)
        + "_auto_parameter_9926_enum_values" (1)
        + "_auto_parameter_9927_enum_values" (1)
        + "_auto_parameter_9928_enum_values" (1)
        + "_auto_parameter_9929_enum_values" (1)
        + "_auto_parameter_9930_enum_values" (1)
        + "_auto_parameter_9931_enum_values" (1)
        + "_auto_parameter_9932_enum_values" (1)
        + "_auto_parameter_9933_enum_values" (1)
        + "_auto_parameter_9934_enum_values" (1)
        + "_auto_parameter_9935_enum_values" (1)
        + "_auto_parameter_9936_enum_values" (1)
        + "_auto_parameter_9937_enum_values" (1)
        + "_auto_parameter_9938_enum_values" (1)
        + "_auto_parameter_9939_enum_values" (1)
        + "_auto_parameter_9940_enum_values" (1)
        + "_auto_parameter_9941_enum_values" (1)
        + "_auto_parameter_9942_enum_values" (1)
        + "_auto_parameter_9943_enum_values" (1)
        + "action_names" (2)
        + "bias" (3)
        + "dnn" (1)
        + "dqn_with_preprocessor" (1)
        + "fc" (1)
        + "invocations" (1)
        + "model" (1)
        + "negative_one_tensor" (1)
        + "one_tensor" (1)
        + "state_preprocessor" (1)
        + "submodule" (1)
        + "weight" (3)
        + "zero_tensor" (1)
