=======================================================================================================
Note: "others" is the sum of unreported ops (block*() block-ret return graph graph-others )
=======================================================================================================
Logfile (ir counts)    aten::*     prim::*    fb::*    quantized::*    internal::*    caffe2::*    if        loop      call    setattr    getattr    all [others]
---------------------  ----------  ---------  -------  --------------  -------------  -----------  --------  --------  ------  ---------  ---------  --------------
graph_91.txt           1045 (55%)  530 (28%)  -        -               -              -            65 ( 3%)  27 ( 1%)  -       -          257 (14%)  1892 [317]
-------------------------------------------------------------------------------------------------------

Detailed op stats for [graph_91.txt]
    - "prim::Loop": 9 distinct sources (source:line [count])
        + /mnt/xarfuse/uid-30500/c6ff45d4-seed-4f70ddd7-c900-489a-9a43-6c532cdbc7ea-ns-4026533591/fblearner/flow/projects/fluent2/utils/pytorch/contrib/ai_integrity/preprocessing.py:125 [2]
        + /mnt/xarfuse/uid-30500/c6ff45d4-seed-4f70ddd7-c900-489a-9a43-6c532cdbc7ea-ns-4026533591/fblearner/flow/projects/fluent2/utils/pytorch/contrib/ai_integrity/preprocessing.py:129 [2]
        + /mnt/xarfuse/uid-30500/c6ff45d4-seed-4f70ddd7-c900-489a-9a43-6c532cdbc7ea-ns-4026533591/fblearner/flow/projects/fluent2/utils/pytorch/contrib/ai_integrity/preprocessing.py:132 [2]
        + /mnt/xarfuse/uid-30500/c6ff45d4-seed-4f70ddd7-c900-489a-9a43-6c532cdbc7ea-ns-4026533591/fblearner/flow/projects/fluent2/utils/pytorch/contrib/ai_integrity/preprocessing.py:52 [3]
        + fblearner.flow.fluent2.diffcanary@03f97e6/fblearner/flow/projects/fluent2/domains/si/content_behavior_learning/multigate_moe/multigate_moe_expert_model.py:453 [10]
        + fblearner.flow.fluent2.diffcanary@03f97e6/fblearner/flow/projects/fluent2/domains/si/content_behavior_learning/multigate_moe/multigate_moe_expert_model.py:518 [2]
        + fblearner.flow.fluent2.diffcanary@03f97e6/fblearner/flow/projects/fluent2/domains/si/content_behavior_learning/multigate_moe/multigate_moe_expert_model.py:524 [2]
        + fblearner.flow.fluent2.diffcanary@03f97e6/fblearner/flow/projects/fluent2/domains/si/content_behavior_learning/multigate_moe/multigate_moe_expert_model.py:600 [2]
        + fblearner.flow.fluent2.diffcanary@03f97e6/fblearner/flow/projects/fluent2/domains/si/content_behavior_learning/multigate_moe/multigate_moe_expert_model.py:610 [2]
    - "prim::CallMethod": 0 found
    - "prim::If": 10 distinct sources (source:line [count])
        + /mnt/xarfuse/uid-30500/c6ff45d4-seed-4f70ddd7-c900-489a-9a43-6c532cdbc7ea-ns-4026533591/fblearner/flow/projects/fluent2/utils/pytorch/contrib/ai_integrity/preprocessing.py:131 [2]
        + /mnt/xarfuse/uid-30500/c6ff45d4-seed-4f70ddd7-c900-489a-9a43-6c532cdbc7ea-ns-4026533591/fblearner/flow/projects/fluent2/utils/pytorch/contrib/ai_integrity/preprocessing.py:136 [2]
        + /mnt/xarfuse/uid-30500/c6ff45d4-seed-4f70ddd7-c900-489a-9a43-6c532cdbc7ea-ns-4026533591/fblearner/flow/projects/fluent2/utils/pytorch/contrib/ai_integrity/preprocessing.py:138 [2]
        + /mnt/xarfuse/uid-30500/c6ff45d4-seed-4f70ddd7-c900-489a-9a43-6c532cdbc7ea-ns-4026533591/fblearner/flow/projects/fluent2/utils/pytorch/contrib/ai_integrity/preprocessing.py:147 [2]
        + /mnt/xarfuse/uid-30500/c6ff45d4-seed-4f70ddd7-c900-489a-9a43-6c532cdbc7ea-ns-4026533591/fblearner/flow/projects/fluent2/utils/pytorch/contrib/ai_integrity/preprocessing.py:56 [15]
        + /mnt/xarfuse/uid-30500/c6ff45d4-seed-4f70ddd7-c900-489a-9a43-6c532cdbc7ea-ns-4026533591/torch/nn/functional.py:1663 [29]
        + /mnt/xarfuse/uid-30500/c6ff45d4-seed-4f70ddd7-c900-489a-9a43-6c532cdbc7ea-ns-4026533591/torch/nn/modules/rnn.py:173 [2]
        + /mnt/xarfuse/uid-30500/c6ff45d4-seed-4f70ddd7-c900-489a-9a43-6c532cdbc7ea-ns-4026533591/torch/nn/modules/rnn.py:177 [2]
        + /mnt/xarfuse/uid-30500/c6ff45d4-seed-4f70ddd7-c900-489a-9a43-6c532cdbc7ea-ns-4026533591/torch/nn/modules/rnn.py:195 [4]
        + fblearner.flow.fluent2.diffcanary@03f97e6/fblearner/flow/projects/fluent2/domains/si/content_behavior_learning/multigate_moe/multigate_moe_expert_model.py:427 [5]
    - "internal::*": not found
    - "fb::*": not found
    - "prim::*": 13 distinct names (name [count])
        + prim::Constant (43)
        + prim::GetAttr (257)
        + prim::If (65)
        + prim::ListConstruct (63)
        + prim::ListUnpack (5)
        + prim::Loop (27)
        + prim::RaiseException (8)
        + prim::TupleConstruct (22)
        + prim::TupleUnpack (3)
        + prim::device (4)
        + prim::dtype (4)
        + prim::max (10)
        + prim::unchecked_cast (19)
    - "quantized::*": not found
    - "caffe2::*": not found
    - "aten::*": 51 distinct names (name [count])
        + aten::Bool (2)
        + aten::IntImplicit (20)
        + aten::__contains__ (2)
        + aten::__derive_index (9)
        + aten::__getitem__ (116)
        + aten::__isnot__ (19)
        + aten::__not__ (2)
        + aten::__range_length (1)
        + aten::__round_to_zero_floordiv (10)
        + aten::add (151)
        + aten::add_ (29)
        + aten::append (124)
        + aten::arange (1)
        + aten::bmm (10)
        + aten::cat (7)
        + aten::contiguous (5)
        + aten::copy_ (2)
        + aten::dim (31)
        + aten::div (2)
        + aten::embedding (2)
        + aten::eq (36)
        + aten::format (8)
        + aten::get (2)
        + aten::layer_norm (24)
        + aten::len (27)
        + aten::list (4)
        + aten::lstm (2)
        + aten::matmul (34)
        + aten::max (2)
        + aten::mean (10)
        + aten::mm (29)
        + aten::mul (25)
        + aten::ne (8)
        + aten::ones (18)
        + aten::permute (4)
        + aten::relu (24)
        + aten::reshape (11)
        + aten::select (30)
        + aten::sigmoid (5)
        + aten::size (16)
        + aten::slice (18)
        + aten::softmax (5)
        + aten::sub (19)
        + aten::sum (4)
        + aten::t (63)
        + aten::tensor (2)
        + aten::to (2)
        + aten::transpose (9)
        + aten::unsqueeze (45)
        + aten::view (10)
        + aten::zeros (4)
    - "prim::GetAttr": 41 distinct attr names (attr [count])
        + "0" (13)
        + "1" (18)
        + "2" (2)
        + "3" (13)
        + "4" (12)
        + "EmbeddingMoE_list" (1)
        + "_flat_weights" (2)
        + "attention_type" (5)
        + "behavior_expert" (1)
        + "bias" (53)
        + "bio" (2)
        + "body" (2)
        + "content_behavior_mtml_mmoe_multi_entity" (1)
        + "emb_seq_layers" (1)
        + "embed_segment" (19)
        + "embedding_expert" (1)
        + "invocations" (1)
        + "layernorm_si_behavior" (1)
        + "layernorm_text" (1)
        + "linear_in" (5)
        + "linear_si_behavior" (1)
        + "linear_text" (1)
        + "lstm" (2)
        + "model" (1)
        + "num_out_embeds" (1)
        + "numericalizer" (1)
        + "ocr" (2)
        + "output_layer" (5)
        + "pad" (2)
        + "padding_token_id" (2)
        + "sep" (2)
        + "sequential_layer" (7)
        + "submodule" (1)
        + "text_encoder" (2)
        + "text_expert" (1)
        + "title" (2)
        + "training" (2)
        + "unk" (2)
        + "vocab" (4)
        + "weight" (60)
        + "word_embeddings" (2)
